Archive member included to satisfy reference by file (symbol)

d:/bk/hk251/vxl_vdk/stm32/stm32cubeide_1.7.0/stm32cubeide/plugins/com.st.stm32cube.ide.mcu.externaltools.gnu-tools-for-stm32.9-2020-q2-update.win32_2.0.0.202105311346/tools/bin/../lib/gcc/arm-none-eabi/9.3.1/../../../../arm-none-eabi/lib/thumb/v7-m/nofp\libc_nano.a(lib_a-errno.o)
                              ./Core/Src/syscalls.o (__errno)
d:/bk/hk251/vxl_vdk/stm32/stm32cubeide_1.7.0/stm32cubeide/plugins/com.st.stm32cube.ide.mcu.externaltools.gnu-tools-for-stm32.9-2020-q2-update.win32_2.0.0.202105311346/tools/bin/../lib/gcc/arm-none-eabi/9.3.1/../../../../arm-none-eabi/lib/thumb/v7-m/nofp\libc_nano.a(lib_a-exit.o)
                              d:/bk/hk251/vxl_vdk/stm32/stm32cubeide_1.7.0/stm32cubeide/plugins/com.st.stm32cube.ide.mcu.externaltools.gnu-tools-for-stm32.9-2020-q2-update.win32_2.0.0.202105311346/tools/bin/../lib/gcc/arm-none-eabi/9.3.1/../../../../arm-none-eabi/lib/thumb/v7-m/nofp/crt0.o (exit)
d:/bk/hk251/vxl_vdk/stm32/stm32cubeide_1.7.0/stm32cubeide/plugins/com.st.stm32cube.ide.mcu.externaltools.gnu-tools-for-stm32.9-2020-q2-update.win32_2.0.0.202105311346/tools/bin/../lib/gcc/arm-none-eabi/9.3.1/../../../../arm-none-eabi/lib/thumb/v7-m/nofp\libc_nano.a(lib_a-impure.o)
                              d:/bk/hk251/vxl_vdk/stm32/stm32cubeide_1.7.0/stm32cubeide/plugins/com.st.stm32cube.ide.mcu.externaltools.gnu-tools-for-stm32.9-2020-q2-update.win32_2.0.0.202105311346/tools/bin/../lib/gcc/arm-none-eabi/9.3.1/../../../../arm-none-eabi/lib/thumb/v7-m/nofp\libc_nano.a(lib_a-exit.o) (_global_impure_ptr)
d:/bk/hk251/vxl_vdk/stm32/stm32cubeide_1.7.0/stm32cubeide/plugins/com.st.stm32cube.ide.mcu.externaltools.gnu-tools-for-stm32.9-2020-q2-update.win32_2.0.0.202105311346/tools/bin/../lib/gcc/arm-none-eabi/9.3.1/../../../../arm-none-eabi/lib/thumb/v7-m/nofp\libc_nano.a(lib_a-init.o)
                              d:/bk/hk251/vxl_vdk/stm32/stm32cubeide_1.7.0/stm32cubeide/plugins/com.st.stm32cube.ide.mcu.externaltools.gnu-tools-for-stm32.9-2020-q2-update.win32_2.0.0.202105311346/tools/bin/../lib/gcc/arm-none-eabi/9.3.1/../../../../arm-none-eabi/lib/thumb/v7-m/nofp/crt0.o (__libc_init_array)
d:/bk/hk251/vxl_vdk/stm32/stm32cubeide_1.7.0/stm32cubeide/plugins/com.st.stm32cube.ide.mcu.externaltools.gnu-tools-for-stm32.9-2020-q2-update.win32_2.0.0.202105311346/tools/bin/../lib/gcc/arm-none-eabi/9.3.1/../../../../arm-none-eabi/lib/thumb/v7-m/nofp\libc_nano.a(lib_a-memset.o)
                              d:/bk/hk251/vxl_vdk/stm32/stm32cubeide_1.7.0/stm32cubeide/plugins/com.st.stm32cube.ide.mcu.externaltools.gnu-tools-for-stm32.9-2020-q2-update.win32_2.0.0.202105311346/tools/bin/../lib/gcc/arm-none-eabi/9.3.1/../../../../arm-none-eabi/lib/thumb/v7-m/nofp/crt0.o (memset)
d:/bk/hk251/vxl_vdk/stm32/stm32cubeide_1.7.0/stm32cubeide/plugins/com.st.stm32cube.ide.mcu.externaltools.gnu-tools-for-stm32.9-2020-q2-update.win32_2.0.0.202105311346/tools/bin/../lib/gcc/arm-none-eabi/9.3.1/../../../../arm-none-eabi/lib/thumb/v7-m/nofp\libc_nano.a(lib_a-sprintf.o)
                              ./Core/Src/display.o (sprintf)
d:/bk/hk251/vxl_vdk/stm32/stm32cubeide_1.7.0/stm32cubeide/plugins/com.st.stm32cube.ide.mcu.externaltools.gnu-tools-for-stm32.9-2020-q2-update.win32_2.0.0.202105311346/tools/bin/../lib/gcc/arm-none-eabi/9.3.1/../../../../arm-none-eabi/lib/thumb/v7-m/nofp\libc_nano.a(lib_a-nano-svfprintf.o)
                              d:/bk/hk251/vxl_vdk/stm32/stm32cubeide_1.7.0/stm32cubeide/plugins/com.st.stm32cube.ide.mcu.externaltools.gnu-tools-for-stm32.9-2020-q2-update.win32_2.0.0.202105311346/tools/bin/../lib/gcc/arm-none-eabi/9.3.1/../../../../arm-none-eabi/lib/thumb/v7-m/nofp\libc_nano.a(lib_a-sprintf.o) (_svfprintf_r)
d:/bk/hk251/vxl_vdk/stm32/stm32cubeide_1.7.0/stm32cubeide/plugins/com.st.stm32cube.ide.mcu.externaltools.gnu-tools-for-stm32.9-2020-q2-update.win32_2.0.0.202105311346/tools/bin/../lib/gcc/arm-none-eabi/9.3.1/../../../../arm-none-eabi/lib/thumb/v7-m/nofp\libc_nano.a(lib_a-nano-vfprintf_i.o)
                              d:/bk/hk251/vxl_vdk/stm32/stm32cubeide_1.7.0/stm32cubeide/plugins/com.st.stm32cube.ide.mcu.externaltools.gnu-tools-for-stm32.9-2020-q2-update.win32_2.0.0.202105311346/tools/bin/../lib/gcc/arm-none-eabi/9.3.1/../../../../arm-none-eabi/lib/thumb/v7-m/nofp\libc_nano.a(lib_a-nano-svfprintf.o) (_printf_i)
d:/bk/hk251/vxl_vdk/stm32/stm32cubeide_1.7.0/stm32cubeide/plugins/com.st.stm32cube.ide.mcu.externaltools.gnu-tools-for-stm32.9-2020-q2-update.win32_2.0.0.202105311346/tools/bin/../lib/gcc/arm-none-eabi/9.3.1/../../../../arm-none-eabi/lib/thumb/v7-m/nofp\libc_nano.a(lib_a-memchr-stub.o)
                              d:/bk/hk251/vxl_vdk/stm32/stm32cubeide_1.7.0/stm32cubeide/plugins/com.st.stm32cube.ide.mcu.externaltools.gnu-tools-for-stm32.9-2020-q2-update.win32_2.0.0.202105311346/tools/bin/../lib/gcc/arm-none-eabi/9.3.1/../../../../arm-none-eabi/lib/thumb/v7-m/nofp\libc_nano.a(lib_a-nano-svfprintf.o) (memchr)
[...]
Memory Configuration

Name             Origin             Length             Attributes
RAM              0x0000000020000000 0x0000000000005000 xrw
FLASH            0x0000000008000000 0x0000000000020000 xr
*default*        0x0000000000000000 0xffffffffffffffff

Linker script and memory map

LOAD d:/bk/hk251/vxl_vdk/stm32/stm32cubeide_1.7.0/stm32cubeide/plugins/com.st.stm32cube.ide.mcu.externaltools.gnu-tools-for-stm32.9-2020-q2-update.win32_2.0.0.202105311346/tools/bin/../lib/gcc/arm-none-eabi/9.3.1/thumb/v7-m/nofp/crti.o
LOAD d:/bk/hk251/vxl_vdk/stm32/stm32cubeide_1.7.0/stm32cubeide/plugins/com.st.stm32cube.ide.mcu.externaltools.gnu-tools-for-stm32.9-2020-q2-update.win32_2.0.0.202105311346/tools/bin/../lib/gcc/arm-none-eabi/9.3.1/thumb/v7-m/nofp/crtbegin.o
LOAD d:/bk/hk251/vxl_vdk/stm32/stm32cubeide_1.7.0/stm32cubeide/plugins/com.st.stm32cube.ide.mcu.externaltools.gnu-tools-for-stm32.9-2020-q2-update.win32_2.0.0.202105311346/tools/bin/../lib/gcc/arm-none-eabi/9.3.1/../../../../arm-none-eabi/lib/thumb/v7-m/nofp/crt0.o
LOAD ./Core/Src/button.o
LOAD ./Core/Src/display.o
LOAD ./Core/Src/fsm_automatic.o
LOAD ./Core/Src/fsm_manual.o
LOAD ./Core/Src/fsm_mode.o
LOAD ./Core/Src/global.o
LOAD ./Core/Src/i2c-lcd.o
LOAD ./Core/Src/main.o
LOAD ./Core/Src/scheduler.o
LOAD ./Core/Src/software_timer.o
LOAD ./Core/Src/stm32f1xx_hal_msp.o
LOAD ./Core/Src/stm32f1xx_it.o
LOAD ./Core/Src/syscalls.o
LOAD ./Core/Src/sysmem.o
LOAD ./Core/Src/system_stm32f1xx.o
LOAD ./Core/Src/tasks.o
LOAD ./Core/Startup/startup_stm32f103rbtx.o
LOAD ./Drivers/STM32F1xx_HAL_Driver/Src/stm32f1xx_hal.o
LOAD ./Drivers/STM32F1xx_HAL_Driver/Src/stm32f1xx_hal_cortex.o
LOAD ./Drivers/STM32F1xx_HAL_Driver/Src/stm32f1xx_hal_dma.o
LOAD ./Drivers/STM32F1xx_HAL_Driver/Src/stm32f1xx_hal_exti.o
LOAD ./Drivers/STM32F1xx_HAL_Driver/Src/stm32f1xx_hal_flash.o
LOAD ./Drivers/STM32F1xx_HAL_Driver/Src/stm32f1xx_hal_flash_ex.o
LOAD ./Drivers/STM32F1xx_HAL_Driver/Src/stm32f1xx_hal_gpio.o
LOAD ./Drivers/STM32F1xx_HAL_Driver/Src/stm32f1xx_hal_gpio_ex.o
LOAD ./Drivers/STM32F1xx_HAL_Driver/Src/stm32f1xx_hal_i2c.o
LOAD ./Drivers/STM32F1xx_HAL_Driver/Src/stm32f1xx_hal_pwr.o
LOAD ./Drivers/STM32F1xx_HAL_Driver/Src/stm32f1xx_hal_rcc.o
LOAD ./Drivers/STM32F1xx_HAL_Driver/Src/stm32f1xx_hal_rcc_ex.o
LOAD ./Drivers/STM32F1xx_HAL_Driver/Src/stm32f1xx_hal_tim.o
LOAD ./Drivers/STM32F1xx_HAL_Driver/Src/stm32f1xx_hal_tim_ex.o
LOAD ./Drivers/STM32F1xx_HAL_Driver/Src/stm32f1xx_hal_uart.o
START GROUP
LOAD d:/bk/hk251/vxl_vdk/stm32/stm32cubeide_1.7.0/stm32cubeide/plugins/com.st.stm32cube.ide.mcu.externaltools.gnu-tools-for-stm32.9-2020-q2-update.win32_2.0.0.202105311346/tools/bin/../lib/gcc/arm-none-eabi/9.3.1/../../../../arm-none-eabi/lib/thumb/v7-m/nofp\libc_nano.a
LOAD d:/bk/hk251/vxl_vdk/stm32/stm32cubeide_1.7.0/stm32cubeide/plugins/com.st.stm32cube.ide.mcu.externaltools.gnu-tools-for-stm32.9-2020-q2-update.win32_2.0.0.202105311346/tools/bin/../lib/gcc/arm-none-eabi/9.3.1/../../../../arm-none-eabi/lib/thumb/v7-m/nofp\libm.a
END GROUP
START GROUP
LOAD d:/bk/hk251/vxl_vdk/stm32/stm32cubeide_1.7.0/stm32cubeide/plugins/com.st.stm32cube.ide.mcu.externaltools.gnu-tools-for-stm32.9-2020-q2-update.win32_2.0.0.202105311346/tools/bin/../lib/gcc/arm-none-eabi/9.3.1/thumb/v7-m/nofp\libgcc.a
LOAD d:/bk/hk251/vxl_vdk/stm32/stm32cubeide_1.7.0/stm32cubeide/plugins/com.st.stm32cube.ide.mcu.externaltools.gnu-tools-for-stm32.9-2020-q2-update.win32_2.0.0.202105311346/tools/bin/../lib/gcc/arm-none-eabi/9.3.1/../../../../arm-none-eabi/lib/thumb/v7-m/nofp\libc_nano.a
END GROUP
START GROUP
LOAD d:/bk/hk251/vxl_vdk/stm32/stm32cubeide_1.7.0/stm32cubeide/plugins/com.st.stm32cube.ide.mcu.externaltools.gnu-tools-for-stm32.9-2020-q2-update.win32_2.0.0.202105311346/tools/bin/../lib/gcc/arm-none-eabi/9.3.1/thumb/v7-m/nofp\libgcc.a
LOAD d:/bk/hk251/vxl_vdk/stm32/stm32cubeide_1.7.0/stm32cubeide/plugins/com.st.stm32cube.ide.mcu.externaltools.gnu-tools-for-stm32.9-2020-q2-update.win32_2.0.0.202105311346/tools/bin/../lib/gcc/arm-none-eabi/9.3.1/../../../../arm-none-eabi/lib/thumb/v7-m/nofp\libc_nano.a
LOAD d:/bk/hk251/vxl_vdk/stm32/stm32cubeide_1.7.0/stm32cubeide/plugins/com.st.stm32cube.ide.mcu.externaltools.gnu-tools-for-stm32.9-2020-q2-update.win32_2.0.0.202105311346/tools/bin/../lib/gcc/arm-none-eabi/9.3.1/../../../../arm-none-eabi/lib/thumb/v7-m/nofp\libnosys.a
END GROUP
START GROUP
LOAD d:/bk/hk251/vxl_vdk/stm32/stm32cubeide_1.7.0/stm32cubeide/plugins/com.st.stm32cube.ide.mcu.externaltools.gnu-tools-for-stm32.9-2020-q2-update.win32_2.0.0.202105311346/tools/bin/../lib/gcc/arm-none-eabi/9.3.1/thumb/v7-m/nofp\libgcc.a
LOAD d:/bk/hk251/vxl_vdk/stm32/stm32cubeide_1.7.0/stm32cubeide/plugins/com.st.stm32cube.ide.mcu.externaltools.gnu-tools-for-stm32.9-2020-q2-update.win32_2.0.0.202105311346/tools/bin/../lib/gcc/arm-none-eabi/9.3.1/../../../../arm-none-eabi/lib/thumb/v7-m/nofp\libc_nano.a
LOAD d:/bk/hk251/vxl_vdk/stm32/stm32cubeide_1.7.0/stm32cubeide/plugins/com.st.stm32cube.ide.mcu.externaltools.gnu-tools-for-stm32.9-2020-q2-update.win32_2.0.0.202105311346/tools/bin/../lib/gcc/arm-none-eabi/9.3.1/../../../../arm-none-eabi/lib/thumb/v7-m/nofp\libnosys.a
END GROUP
LOAD d:/bk/hk251/vxl_vdk/stm32/stm32cubeide_1.7.0/stm32cubeide/plugins/com.st.stm32cube.ide.mcu.externaltools.gnu-tools-for-stm32.9-2020-q2-update.win32_2.0.0.202105311346/tools/bin/../lib/gcc/arm-none-eabi/9.3.1/thumb/v7-m/nofp/crtend.o
LOAD d:/bk/hk251/vxl_vdk/stm32/stm32cubeide_1.7.0/stm32cubeide/plugins/com.st.stm32cube.ide.mcu.externaltools.gnu-tools-for-stm32.9-2020-q2-update.win32_2.0.0.202105311346/tools/bin/../lib/gcc/arm-none-eabi/9.3.1/thumb/v7-m/nofp/crtn.o
                0x0000000020005000                _estack = (ORIGIN (RAM) + LENGTH (RAM))
                0x0000000000000200                _Min_Heap_Size = 0x200
                0x0000000000000400                _Min_Stack_Size = 0x400

.isr_vector     0x0000000008000000      0x10c
                0x0000000008000000                . = ALIGN (0x4)
 *(.isr_vector)
 .isr_vector    0x0000000008000000      0x10c ./Core/Startup/startup_stm32f103rbtx.o
                0x0000000008000000                g_pfnVectors
                0x000000000800010c                . = ALIGN (0x4)

.text           0x000000000800010c     0x46b0
                0x000000000800010c                . = ALIGN (0x4)
 *(.text)
 .text          0x000000000800010c       0x40 d:/bk/hk251/vxl_vdk/stm32/stm32cubeide_1.7.0/stm32cubeide/plugins/com.st.stm32cube.ide.mcu.externaltools.gnu-tools-for-stm32.9-2020-q2-update.win32_2.0.0.202105311346/tools/bin/../lib/gcc/arm-none-eabi/9.3.1/thumb/v7-m/nofp/crtbegin.o
 *(.text*)
 .text.isButtonPressed
                0x000000000800014c       0x48 ./Core/Src/button.o
                0x000000000800014c                isButtonPressed
 .text.getKeyInput
                0x0000000008000194      0x1fc ./Core/Src/button.o
                0x0000000008000194                getKeyInput
 .text.setRed   0x0000000008000390       0x4c ./Core/Src/display.o
                0x0000000008000390                setRed
 .text.setAmber
                0x00000000080003dc       0x4c ./Core/Src/display.o
                0x00000000080003dc                setAmber
 .text.setGreen
                0x0000000008000428       0x4c ./Core/Src/display.o
                0x0000000008000428                setGreen
 .text.turnOffAllLEDs
                0x0000000008000474       0x38 ./Core/Src/display.o
                0x0000000008000474                turnOffAllLEDs
 .text.getTrafficLightState
                0x00000000080004ac       0xac ./Core/Src/display.o
                0x00000000080004ac                getTrafficLightState
 .text.updateLEDBuffer
                0x0000000008000558      0x200 ./Core/Src/display.o
                0x0000000008000558                updateLEDBuffer
 .text.fsm_automatic_run
                0x0000000008000758      0x328 ./Core/Src/fsm_automatic.o
                0x0000000008000758                fsm_automatic_run
 .text.fsm_manual_run
                0x0000000008000a80      0x1a8 ./Core/Src/fsm_manual.o
                0x0000000008000a80                fsm_manual_run
 .text.fsm_mode_run
                0x0000000008000c28       0xd8 ./Core/Src/fsm_mode.o
                0x0000000008000c28                fsm_mode_run
 .text.checkTrafficTime
                0x0000000008000d00       0x9c ./Core/Src/global.o
                0x0000000008000d00                checkTrafficTime
 .text.lcd_send_cmd
                0x0000000008000d9c       0x60 ./Core/Src/i2c-lcd.o
                0x0000000008000d9c                lcd_send_cmd
 .text.lcd_send_data
                0x0000000008000dfc       0x60 ./Core/Src/i2c-lcd.o
                0x0000000008000dfc                lcd_send_data
 .text.lcd_init
                0x0000000008000e5c       0x5c ./Core/Src/i2c-lcd.o
                0x0000000008000e5c                lcd_init
 .text.lcd_send_string
                0x0000000008000eb8       0x2a ./Core/Src/i2c-lcd.o
                0x0000000008000eb8                lcd_send_string
 .text.lcd_clear_display
                0x0000000008000ee2        0xe ./Core/Src/i2c-lcd.o
                0x0000000008000ee2                lcd_clear_display
 .text.lcd_goto_XY
                0x0000000008000ef0       0x44 ./Core/Src/i2c-lcd.o
                0x0000000008000ef0                lcd_goto_XY
 .text.main     0x0000000008000f34       0x9c ./Core/Src/main.o
                0x0000000008000f34                main
 .text.SystemClock_Config
                0x0000000008000fd0       0x80 ./Core/Src/main.o
                0x0000000008000fd0                SystemClock_Config
 .text.MX_I2C1_Init
                0x0000000008001050       0x5c ./Core/Src/main.o
 .text.MX_TIM2_Init
                0x00000000080010ac       0x98 ./Core/Src/main.o
 .text.MX_USART2_UART_Init
                0x0000000008001144       0x54 ./Core/Src/main.o
 .text.MX_GPIO_Init
                0x0000000008001198      0x170 ./Core/Src/main.o
 .text.HAL_TIM_PeriodElapsedCallback
                0x0000000008001308       0x1e ./Core/Src/main.o
                0x0000000008001308                HAL_TIM_PeriodElapsedCallback
 .text.Error_Handler
                0x0000000008001326        0xa ./Core/Src/main.o
                0x0000000008001326                Error_Handler
 .text.SCH_Init
                0x0000000008001330       0x94 ./Core/Src/scheduler.o
                0x0000000008001330                SCH_Init
 .text.SCH_Update
                0x00000000080013c4       0x50 ./Core/Src/scheduler.o
                0x00000000080013c4                SCH_Update
 .text.SCH_Add_Task
                0x0000000008001414      0x2ac ./Core/Src/scheduler.o
                0x0000000008001414                SCH_Add_Task
 .text.SCH_Delete_Task
                0x00000000080016c0      0x1e8 ./Core/Src/scheduler.o
                0x00000000080016c0                SCH_Delete_Task
 .text.SCH_Dispatch_Tasks
                0x00000000080018a8       0x50 ./Core/Src/scheduler.o
                0x00000000080018a8                SCH_Dispatch_Tasks
 .text.Get_New_Task_ID
                0x00000000080018f8       0x30 ./Core/Src/scheduler.o
 .text.setTimer
                0x0000000008001928       0x40 ./Core/Src/software_timer.o
                0x0000000008001928                setTimer
 .text.isTimerExpired
                0x0000000008001968       0x34 ./Core/Src/software_timer.o
                0x0000000008001968                isTimerExpired
 .text.timerRun
                0x000000000800199c       0x60 ./Core/Src/software_timer.o
                0x000000000800199c                timerRun
 .text.HAL_MspInit
                0x00000000080019fc       0x64 ./Core/Src/stm32f1xx_hal_msp.o
                0x00000000080019fc                HAL_MspInit
 .text.HAL_I2C_MspInit
                0x0000000008001a60       0xa0 ./Core/Src/stm32f1xx_hal_msp.o
                0x0000000008001a60                HAL_I2C_MspInit
 .text.HAL_TIM_Base_MspInit
                0x0000000008001b00       0x48 ./Core/Src/stm32f1xx_hal_msp.o
                0x0000000008001b00                HAL_TIM_Base_MspInit
 .text.HAL_UART_MspInit
                0x0000000008001b48       0x7c ./Core/Src/stm32f1xx_hal_msp.o
                0x0000000008001b48                HAL_UART_MspInit
 .text.NMI_Handler
                0x0000000008001bc4        0x6 ./Core/Src/stm32f1xx_it.o
                0x0000000008001bc4                NMI_Handler
 .text.HardFault_Handler
                0x0000000008001bca        0x6 ./Core/Src/stm32f1xx_it.o
                0x0000000008001bca                HardFault_Handler
 .text.MemManage_Handler
                0x0000000008001bd0        0x6 ./Core/Src/stm32f1xx_it.o
                0x0000000008001bd0                MemManage_Handler
 .text.BusFault_Handler
                0x0000000008001bd6        0x6 ./Core/Src/stm32f1xx_it.o
                0x0000000008001bd6                BusFault_Handler
 .text.UsageFault_Handler
                0x0000000008001bdc        0x6 ./Core/Src/stm32f1xx_it.o
                0x0000000008001bdc                UsageFault_Handler
 .text.SVC_Handler
                0x0000000008001be2        0xc ./Core/Src/stm32f1xx_it.o
                0x0000000008001be2                SVC_Handler
 .text.DebugMon_Handler
                0x0000000008001bee        0xc ./Core/Src/stm32f1xx_it.o
                0x0000000008001bee                DebugMon_Handler
 .text.PendSV_Handler
                0x0000000008001bfa        0xc ./Core/Src/stm32f1xx_it.o
                0x0000000008001bfa                PendSV_Handler
 .text.SysTick_Handler
                0x0000000008001c06        0xc ./Core/Src/stm32f1xx_it.o
                0x0000000008001c06                SysTick_Handler
 *fill*         0x0000000008001c12        0x2 
 .text.TIM2_IRQHandler
                0x0000000008001c14       0x14 ./Core/Src/stm32f1xx_it.o
                0x0000000008001c14                TIM2_IRQHandler
 .text._sbrk    0x0000000008001c28       0x6c ./Core/Src/sysmem.o
                0x0000000008001c28                _sbrk
 .text.SystemInit
                0x0000000008001c94        0xc ./Core/Src/system_stm32f1xx.o
                0x0000000008001c94                SystemInit
 .text.task_led_blinky
                0x0000000008001ca0       0x2c ./Core/Src/tasks.o
                0x0000000008001ca0                task_led_blinky
 .text.Reset_Handler
                0x0000000008001ccc       0x48 ./Core/Startup/startup_stm32f103rbtx.o
                0x0000000008001ccc                Reset_Handler
 .text.Default_Handler
                0x0000000008001d14        0x2 ./Core/Startup/startup_stm32f103rbtx.o
                0x0000000008001d14                RTC_Alarm_IRQHandler
                0x0000000008001d14                EXTI2_IRQHandler
                0x0000000008001d14                TIM1_CC_IRQHandler
                0x0000000008001d14                PVD_IRQHandler
                0x0000000008001d14                EXTI3_IRQHandler
                0x0000000008001d14                EXTI0_IRQHandler
                0x0000000008001d14                I2C2_EV_IRQHandler
                0x0000000008001d14                ADC1_2_IRQHandler
                0x0000000008001d14                SPI1_IRQHandler
                0x0000000008001d14                TAMPER_IRQHandler
                0x0000000008001d14                DMA1_Channel4_IRQHandler
                0x0000000008001d14                USART3_IRQHandler
                0x0000000008001d14                RTC_IRQHandler
                0x0000000008001d14                DMA1_Channel7_IRQHandler
                0x0000000008001d14                CAN1_RX1_IRQHandler
                0x0000000008001d14                TIM4_IRQHandler
                0x0000000008001d14                I2C1_EV_IRQHandler
                0x0000000008001d14                DMA1_Channel6_IRQHandler
                0x0000000008001d14                TIM3_IRQHandler
                0x0000000008001d14                RCC_IRQHandler
                0x0000000008001d14                TIM1_TRG_COM_IRQHandler
                0x0000000008001d14                DMA1_Channel1_IRQHandler
                0x0000000008001d14                Default_Handler
                0x0000000008001d14                EXTI15_10_IRQHandler
                0x0000000008001d14                EXTI9_5_IRQHandler
                0x0000000008001d14                SPI2_IRQHandler
                0x0000000008001d14                DMA1_Channel5_IRQHandler
                0x0000000008001d14                EXTI4_IRQHandler
                0x0000000008001d14                USB_LP_CAN1_RX0_IRQHandler
                0x0000000008001d14                USB_HP_CAN1_TX_IRQHandler
                0x0000000008001d14                DMA1_Channel3_IRQHandler
                0x0000000008001d14                TIM1_UP_IRQHandler
                0x0000000008001d14                WWDG_IRQHandler
                0x0000000008001d14                TIM1_BRK_IRQHandler
                0x0000000008001d14                EXTI1_IRQHandler
                0x0000000008001d14                USART2_IRQHandler
                0x0000000008001d14                I2C2_ER_IRQHandler
                0x0000000008001d14                DMA1_Channel2_IRQHandler
                0x0000000008001d14                CAN1_SCE_IRQHandler
                0x0000000008001d14                FLASH_IRQHandler
                0x0000000008001d14                USART1_IRQHandler
                0x0000000008001d14                I2C1_ER_IRQHandler
                0x0000000008001d14                USBWakeUp_IRQHandler
 *fill*         0x0000000008001d16        0x2 
 .text.HAL_Init
                0x0000000008001d18       0x2c ./Drivers/STM32F1xx_HAL_Driver/Src/stm32f1xx_hal.o
                0x0000000008001d18                HAL_Init
 .text.HAL_InitTick
                0x0000000008001d44       0x60 ./Drivers/STM32F1xx_HAL_Driver/Src/stm32f1xx_hal.o
                0x0000000008001d44                HAL_InitTick
 .text.HAL_IncTick
                0x0000000008001da4       0x24 ./Drivers/STM32F1xx_HAL_Driver/Src/stm32f1xx_hal.o
                0x0000000008001da4                HAL_IncTick
 .text.HAL_GetTick
                0x0000000008001dc8       0x14 ./Drivers/STM32F1xx_HAL_Driver/Src/stm32f1xx_hal.o
                0x0000000008001dc8                HAL_GetTick
 .text.HAL_Delay
                0x0000000008001ddc       0x48 ./Drivers/STM32F1xx_HAL_Driver/Src/stm32f1xx_hal.o
                0x0000000008001ddc                HAL_Delay
 .text.__NVIC_SetPriorityGrouping
                0x0000000008001e24       0x48 ./Drivers/STM32F1xx_HAL_Driver/Src/stm32f1xx_hal_cortex.o
 .text.__NVIC_GetPriorityGrouping
                0x0000000008001e6c       0x1c ./Drivers/STM32F1xx_HAL_Driver/Src/stm32f1xx_hal_cortex.o
 .text.__NVIC_EnableIRQ
                0x0000000008001e88       0x38 ./Drivers/STM32F1xx_HAL_Driver/Src/stm32f1xx_hal_cortex.o
 .text.__NVIC_SetPriority
                0x0000000008001ec0       0x54 ./Drivers/STM32F1xx_HAL_Driver/Src/stm32f1xx_hal_cortex.o
 .text.NVIC_EncodePriority
                0x0000000008001f14       0x64 ./Drivers/STM32F1xx_HAL_Driver/Src/stm32f1xx_hal_cortex.o
 .text.SysTick_Config
                0x0000000008001f78       0x44 ./Drivers/STM32F1xx_HAL_Driver/Src/stm32f1xx_hal_cortex.o
 .text.HAL_NVIC_SetPriorityGrouping
                0x0000000008001fbc       0x16 ./Drivers/STM32F1xx_HAL_Driver/Src/stm32f1xx_hal_cortex.o
                0x0000000008001fbc                HAL_NVIC_SetPriorityGrouping
 .text.HAL_NVIC_SetPriority
                0x0000000008001fd2       0x38 ./Drivers/STM32F1xx_HAL_Driver/Src/stm32f1xx_hal_cortex.o
                0x0000000008001fd2                HAL_NVIC_SetPriority
 .text.HAL_NVIC_EnableIRQ
                0x000000000800200a       0x1c ./Drivers/STM32F1xx_HAL_Driver/Src/stm32f1xx_hal_cortex.o
                0x000000000800200a                HAL_NVIC_EnableIRQ
 .text.HAL_SYSTICK_Config
                0x0000000008002026       0x18 ./Drivers/STM32F1xx_HAL_Driver/Src/stm32f1xx_hal_cortex.o
                0x0000000008002026                HAL_SYSTICK_Config
 *fill*         0x000000000800203e        0x2 
 .text.HAL_GPIO_Init
                0x0000000008002040      0x308 ./Drivers/STM32F1xx_HAL_Driver/Src/stm32f1xx_hal_gpio.o
                0x0000000008002040                HAL_GPIO_Init
 .text.HAL_GPIO_ReadPin
                0x0000000008002348       0x2e ./Drivers/STM32F1xx_HAL_Driver/Src/stm32f1xx_hal_gpio.o
                0x0000000008002348                HAL_GPIO_ReadPin
 .text.HAL_GPIO_WritePin
                0x0000000008002376       0x30 ./Drivers/STM32F1xx_HAL_Driver/Src/stm32f1xx_hal_gpio.o
                0x0000000008002376                HAL_GPIO_WritePin
 .text.HAL_GPIO_TogglePin
                0x00000000080023a6       0x32 ./Drivers/STM32F1xx_HAL_Driver/Src/stm32f1xx_hal_gpio.o
                0x00000000080023a6                HAL_GPIO_TogglePin
 .text.HAL_I2C_Init
                0x00000000080023d8      0x288 ./Drivers/STM32F1xx_HAL_Driver/Src/stm32f1xx_hal_i2c.o
                0x00000000080023d8                HAL_I2C_Init
 .text.HAL_I2C_Master_Transmit
                0x0000000008002660      0x1fc ./Drivers/STM32F1xx_HAL_Driver/Src/stm32f1xx_hal_i2c.o
                0x0000000008002660                HAL_I2C_Master_Transmit
 .text.I2C_MasterRequestWrite
                0x000000000800285c      0x104 ./Drivers/STM32F1xx_HAL_Driver/Src/stm32f1xx_hal_i2c.o
 .text.I2C_WaitOnFlagUntilTimeout
                0x0000000008002960       0xf4 ./Drivers/STM32F1xx_HAL_Driver/Src/stm32f1xx_hal_i2c.o
 .text.I2C_WaitOnMasterAddressFlagUntilTimeout
                0x0000000008002a54      0x140 ./Drivers/STM32F1xx_HAL_Driver/Src/stm32f1xx_hal_i2c.o
 .text.I2C_WaitOnTXEFlagUntilTimeout
                0x0000000008002b94       0x90 ./Drivers/STM32F1xx_HAL_Driver/Src/stm32f1xx_hal_i2c.o
 .text.I2C_WaitOnBTFFlagUntilTimeout
                0x0000000008002c24       0x90 ./Drivers/STM32F1xx_HAL_Driver/Src/stm32f1xx_hal_i2c.o
 .text.I2C_IsAcknowledgeFailed
                0x0000000008002cb4       0x5c ./Drivers/STM32F1xx_HAL_Driver/Src/stm32f1xx_hal_i2c.o
 .text.HAL_RCC_OscConfig
                0x0000000008002d10      0x500 ./Drivers/STM32F1xx_HAL_Driver/Src/stm32f1xx_hal_rcc.o
                0x0000000008002d10                HAL_RCC_OscConfig
 .text.HAL_RCC_ClockConfig
                0x0000000008003210      0x1d4 ./Drivers/STM32F1xx_HAL_Driver/Src/stm32f1xx_hal_rcc.o
                0x0000000008003210                HAL_RCC_ClockConfig
 .text.HAL_RCC_GetSysClockFreq
                0x00000000080033e4       0xa8 ./Drivers/STM32F1xx_HAL_Driver/Src/stm32f1xx_hal_rcc.o
                0x00000000080033e4                HAL_RCC_GetSysClockFreq
 .text.HAL_RCC_GetHCLKFreq
                0x000000000800348c       0x14 ./Drivers/STM32F1xx_HAL_Driver/Src/stm32f1xx_hal_rcc.o
                0x000000000800348c                HAL_RCC_GetHCLKFreq
 .text.HAL_RCC_GetPCLK1Freq
                0x00000000080034a0       0x28 ./Drivers/STM32F1xx_HAL_Driver/Src/stm32f1xx_hal_rcc.o
                0x00000000080034a0                HAL_RCC_GetPCLK1Freq
 .text.HAL_RCC_GetPCLK2Freq
                0x00000000080034c8       0x28 ./Drivers/STM32F1xx_HAL_Driver/Src/stm32f1xx_hal_rcc.o
                0x00000000080034c8                HAL_RCC_GetPCLK2Freq
 .text.RCC_Delay
                0x00000000080034f0       0x3c ./Drivers/STM32F1xx_HAL_Driver/Src/stm32f1xx_hal_rcc.o
 .text.HAL_TIM_Base_Init
                0x000000000800352c       0x9e ./Drivers/STM32F1xx_HAL_Driver/Src/stm32f1xx_hal_tim.o
                0x000000000800352c                HAL_TIM_Base_Init
 *fill*         0x00000000080035ca        0x2 
 .text.HAL_TIM_Base_Start_IT
                0x00000000080035cc       0xa4 ./Drivers/STM32F1xx_HAL_Driver/Src/stm32f1xx_hal_tim.o
                0x00000000080035cc                HAL_TIM_Base_Start_IT
 .text.HAL_TIM_IRQHandler
                0x0000000008003670      0x1e0 ./Drivers/STM32F1xx_HAL_Driver/Src/stm32f1xx_hal_tim.o
                0x0000000008003670                HAL_TIM_IRQHandler
 .text.HAL_TIM_ConfigClockSource
                0x0000000008003850      0x18e ./Drivers/STM32F1xx_HAL_Driver/Src/stm32f1xx_hal_tim.o
                0x0000000008003850                HAL_TIM_ConfigClockSource
 .text.HAL_TIM_OC_DelayElapsedCallback
                0x00000000080039de       0x12 ./Drivers/STM32F1xx_HAL_Driver/Src/stm32f1xx_hal_tim.o
                0x00000000080039de                HAL_TIM_OC_DelayElapsedCallback
 .text.HAL_TIM_IC_CaptureCallback
                0x00000000080039f0       0x12 ./Drivers/STM32F1xx_HAL_Driver/Src/stm32f1xx_hal_tim.o
                0x00000000080039f0                HAL_TIM_IC_CaptureCallback
 .text.HAL_TIM_PWM_PulseFinishedCallback
                0x0000000008003a02       0x12 ./Drivers/STM32F1xx_HAL_Driver/Src/stm32f1xx_hal_tim.o
                0x0000000008003a02                HAL_TIM_PWM_PulseFinishedCallback
 .text.HAL_TIM_TriggerCallback
                0x0000000008003a14       0x12 ./Drivers/STM32F1xx_HAL_Driver/Src/stm32f1xx_hal_tim.o
                0x0000000008003a14                HAL_TIM_TriggerCallback
 *fill*         0x0000000008003a26        0x2 
 .text.TIM_Base_SetConfig
                0x0000000008003a28       0xdc ./Drivers/STM32F1xx_HAL_Driver/Src/stm32f1xx_hal_tim.o
                0x0000000008003a28                TIM_Base_SetConfig
 .text.TIM_TI1_ConfigInputStage
                0x0000000008003b04       0x5c ./Drivers/STM32F1xx_HAL_Driver/Src/stm32f1xx_hal_tim.o
 .text.TIM_TI2_ConfigInputStage
                0x0000000008003b60       0x5e ./Drivers/STM32F1xx_HAL_Driver/Src/stm32f1xx_hal_tim.o
 .text.TIM_ITRx_SetConfig
                0x0000000008003bbe       0x34 ./Drivers/STM32F1xx_HAL_Driver/Src/stm32f1xx_hal_tim.o
 .text.TIM_ETR_SetConfig
                0x0000000008003bf2       0x3e ./Drivers/STM32F1xx_HAL_Driver/Src/stm32f1xx_hal_tim.o
                0x0000000008003bf2                TIM_ETR_SetConfig
 .text.HAL_TIMEx_MasterConfigSynchronization
                0x0000000008003c30       0xbc ./Drivers/STM32F1xx_HAL_Driver/Src/stm32f1xx_hal_tim_ex.o
                0x0000000008003c30                HAL_TIMEx_MasterConfigSynchronization
 .text.HAL_TIMEx_CommutCallback
                0x0000000008003cec       0x12 ./Drivers/STM32F1xx_HAL_Driver/Src/stm32f1xx_hal_tim_ex.o
                0x0000000008003cec                HAL_TIMEx_CommutCallback
 .text.HAL_TIMEx_BreakCallback
                0x0000000008003cfe       0x12 ./Drivers/STM32F1xx_HAL_Driver/Src/stm32f1xx_hal_tim_ex.o
                0x0000000008003cfe                HAL_TIMEx_BreakCallback
 .text.HAL_UART_Init
                0x0000000008003d10       0xa0 ./Drivers/STM32F1xx_HAL_Driver/Src/stm32f1xx_hal_uart.o
                0x0000000008003d10                HAL_UART_Init
 .text.UART_SetConfig
                0x0000000008003db0      0x11c ./Drivers/STM32F1xx_HAL_Driver/Src/stm32f1xx_hal_uart.o
 .text.__errno  0x0000000008003ecc        0xc d:/bk/hk251/vxl_vdk/stm32/stm32cubeide_1.7.0/stm32cubeide/plugins/com.st.stm32cube.ide.mcu.externaltools.gnu-tools-for-stm32.9-2020-q2-update.win32_2.0.0.202105311346/tools/bin/../lib/gcc/arm-none-eabi/9.3.1/../../../../arm-none-eabi/lib/thumb/v7-m/nofp\libc_nano.a(lib_a-errno.o)
                0x0000000008003ecc                __errno
 .text.__libc_init_array
                0x0000000008003ed8       0x48 d:/bk/hk251/vxl_vdk/stm32/stm32cubeide_1.7.0/stm32cubeide/plugins/com.st.stm32cube.ide.mcu.externaltools.gnu-tools-for-stm32.9-2020-q2-update.win32_2.0.0.202105311346/tools/bin/../lib/gcc/arm-none-eabi/9.3.1/../../../../arm-none-eabi/lib/thumb/v7-m/nofp\libc_nano.a(lib_a-init.o)
                0x0000000008003ed8                __libc_init_array
 .text.memset   0x0000000008003f20       0x10 d:/bk/hk251/vxl_vdk/stm32/stm32cubeide_1.7.0/stm32cubeide/plugins/com.st.stm32cube.ide.mcu.externaltools.gnu-tools-for-stm32.9-2020-q2-update.win32_2.0.0.202105311346/tools/bin/../lib/gcc/arm-none-eabi/9.3.1/../../../../arm-none-eabi/lib/thumb/v7-m/nofp\libc_nano.a(lib_a-memset.o)
                0x0000000008003f20                memset
 .text.sprintf  0x0000000008003f30       0x40 d:/bk/hk251/vxl_vdk/stm32/stm32cubeide_1.7.0/stm32cubeide/plugins/com.st.stm32cube.ide.mcu.externaltools.gnu-tools-for-stm32.9-2020-q2-update.win32_2.0.0.202105311346/tools/bin/../lib/gcc/arm-none-eabi/9.3.1/../../../../arm-none-eabi/lib/thumb/v7-m/nofp\libc_nano.a(lib_a-sprintf.o)
                0x0000000008003f30                siprintf
                0x0000000008003f30                sprintf
 .text.__ssputs_r
                0x0000000008003f70       0xb6 d:/bk/hk251/vxl_vdk/stm32/stm32cubeide_1.7.0/stm32cubeide/plugins/com.st.stm32cube.ide.mcu.externaltools.gnu-tools-for-stm32.9-2020-q2-update.win32_2.0.0.202105311346/tools/bin/../lib/gcc/arm-none-eabi/9.3.1/../../../../arm-none-eabi/lib/thumb/v7-m/nofp\libc_nano.a(lib_a-nano-svfprintf.o)
                0x0000000008003f70                __ssputs_r
 *fill*         0x0000000008004026        0x2 
 .text._svfprintf_r
                0x0000000008004028      0x200 d:/bk/hk251/vxl_vdk/stm32/stm32cubeide_1.7.0/stm32cubeide/plugins/com.st.stm32cube.ide.mcu.externaltools.gnu-tools-for-stm32.9-2020-q2-update.win32_2.0.0.202105311346/tools/bin/../lib/gcc/arm-none-eabi/9.3.1/../../../../arm-none-eabi/lib/thumb/v7-m/nofp\libc_nano.a(lib_a-nano-svfprintf.o)
                0x0000000008004028                _svfiprintf_r
                0x0000000008004028                _svfprintf_r
 .text._printf_common
                0x0000000008004228       0xde d:/bk/hk251/vxl_vdk/stm32/stm32cubeide_1.7.0/stm32cubeide/plugins/com.st.stm32cube.ide.mcu.externaltools.gnu-tools-for-stm32.9-2020-q2-update.win32_2.0.0.202105311346/tools/bin/../lib/gcc/arm-none-eabi/9.3.1/../../../../arm-none-eabi/lib/thumb/v7-m/nofp\libc_nano.a(lib_a-nano-vfprintf_i.o)
                0x0000000008004228                _printf_common
 *fill*         0x0000000008004306        0x2 
 .text._printf_i
                0x0000000008004308      0x24c d:/bk/hk251/vxl_vdk/stm32/stm32cubeide_1.7.0/stm32cubeide/plugins/com.st.stm32cube.ide.mcu.externaltools.gnu-tools-for-stm32.9-2020-q2-update.win32_2.0.0.202105311346/tools/bin/../lib/gcc/arm-none-eabi/9.3.1/../../../../arm-none-eabi/lib/thumb/v7-m/nofp\libc_nano.a(lib_a-nano-vfprintf_i.o)
                0x0000000008004308                _printf_i
 .text.memchr   0x0000000008004554       0x1c d:/bk/hk251/vxl_vdk/stm32/stm32cubeide_1.7.0/stm32cubeide/plugins/com.st.stm32cube.ide.mcu.externaltools.gnu-tools-for-stm32.9-2020-q2-update.win32_2.0.0.202105311346/tools/bin/../lib/gcc/arm-none-eabi/9.3.1/../../../../arm-none-eabi/lib/thumb/v7-m/nofp\libc_nano.a(lib_a-memchr-stub.o)
                0x0000000008004554                memchr
 .text.memcpy   0x0000000008004570       0x1c d:/bk/hk251/vxl_vdk/stm32/stm32cubeide_1.7.0/stm32cubeide/plugins/com.st.stm32cube.ide.mcu.externaltools.gnu-tools-for-stm32.9-2020-q2-update.win32_2.0.0.202105311346/tools/bin/../lib/gcc/arm-none-eabi/9.3.1/../../../../arm-none-eabi/lib/thumb/v7-m/nofp\libc_nano.a(lib_a-memcpy-stub.o)
                0x0000000008004570                memcpy
 .text.memmove  0x000000000800458c       0x34 d:/bk/hk251/vxl_vdk/stm32/stm32cubeide_1.7.0/stm32cubeide/plugins/com.st.stm32cube.ide.mcu.externaltools.gnu-tools-for-stm32.9-2020-q2-update.win32_2.0.0.202105311346/tools/bin/../lib/gcc/arm-none-eabi/9.3.1/../../../../arm-none-eabi/lib/thumb/v7-m/nofp\libc_nano.a(lib_a-memmove.o)
                0x000000000800458c                memmove
 .text._free_r  0x00000000080045c0       0x98 d:/bk/hk251/vxl_vdk/stm32/stm32cubeide_1.7.0/stm32cubeide/plugins/com.st.stm32cube.ide.mcu.externaltools.gnu-tools-for-stm32.9-2020-q2-update.win32_2.0.0.202105311346/tools/bin/../lib/gcc/arm-none-eabi/9.3.1/../../../../arm-none-eabi/lib/thumb/v7-m/nofp\libc_nano.a(lib_a-nano-freer.o)
                0x00000000080045c0                _free_r
 .text._malloc_r
                0x0000000008004658       0xb4 d:/bk/hk251/vxl_vdk/stm32/stm32cubeide_1.7.0/stm32cubeide/plugins/com.st.stm32cube.ide.mcu.externaltools.gnu-tools-for-stm32.9-2020-q2-update.win32_2.0.0.202105311346/tools/bin/../lib/gcc/arm-none-eabi/9.3.1/../../../../arm-none-eabi/lib/thumb/v7-m/nofp\libc_nano.a(lib_a-nano-mallocr.o)
                0x0000000008004658                _malloc_r
 .text._realloc_r
                0x000000000800470c       0x4c d:/bk/hk251/vxl_vdk/stm32/stm32cubeide_1.7.0/stm32cubeide/plugins/com.st.stm32cube.ide.mcu.externaltools.gnu-tools-for-stm32.9-2020-q2-update.win32_2.0.0.202105311346/tools/bin/../lib/gcc/arm-none-eabi/9.3.1/../../../../arm-none-eabi/lib/thumb/v7-m/nofp\libc_nano.a(lib_a-nano-reallocr.o)
                0x000000000800470c                _realloc_r
 .text._sbrk_r  0x0000000008004758       0x20 d:/bk/hk251/vxl_vdk/stm32/stm32cubeide_1.7.0/stm32cubeide/plugins/com.st.stm32cube.ide.mcu.externaltools.gnu-tools-for-stm32.9-2020-q2-update.win32_2.0.0.202105311346/tools/bin/../lib/gcc/arm-none-eabi/9.3.1/../../../../arm-none-eabi/lib/thumb/v7-m/nofp\libc_nano.a(lib_a-sbrkr.o)
                0x0000000008004758                _sbrk_r
 .text.__malloc_lock
                0x0000000008004778        0xc d:/bk/hk251/vxl_vdk/stm32/stm32cubeide_1.7.0/stm32cubeide/plugins/com.st.stm32cube.ide.mcu.externaltools.gnu-tools-for-stm32.9-2020-q2-update.win32_2.0.0.202105311346/tools/bin/../lib/gcc/arm-none-eabi/9.3.1/../../../../arm-none-eabi/lib/thumb/v7-m/nofp\libc_nano.a(lib_a-mlock.o)
                0x0000000008004778                __malloc_lock
 .text.__malloc_unlock
                0x0000000008004784        0xc d:/bk/hk251/vxl_vdk/stm32/stm32cubeide_1.7.0/stm32cubeide/plugins/com.st.stm32cube.ide.mcu.externaltools.gnu-tools-for-stm32.9-2020-q2-update.win32_2.0.0.202105311346/tools/bin/../lib/gcc/arm-none-eabi/9.3.1/../../../../arm-none-eabi/lib/thumb/v7-m/nofp\libc_nano.a(lib_a-mlock.o)
                0x0000000008004784                __malloc_unlock
 .text._malloc_usable_size_r
                0x0000000008004790       0x10 d:/bk/hk251/vxl_vdk/stm32/stm32cubeide_1.7.0/stm32cubeide/plugins/com.st.stm32cube.ide.mcu.externaltools.gnu-tools-for-stm32.9-2020-q2-update.win32_2.0.0.202105311346/tools/bin/../lib/gcc/arm-none-eabi/9.3.1/../../../../arm-none-eabi/lib/thumb/v7-m/nofp\libc_nano.a(lib_a-nano-msizer.o)
                0x0000000008004790                _malloc_usable_size_r
 .text.__retarget_lock_acquire_recursive
                0x00000000080047a0        0x2 d:/bk/hk251/vxl_vdk/stm32/stm32cubeide_1.7.0/stm32cubeide/plugins/com.st.stm32cube.ide.mcu.externaltools.gnu-tools-for-stm32.9-2020-q2-update.win32_2.0.0.202105311346/tools/bin/../lib/gcc/arm-none-eabi/9.3.1/../../../../arm-none-eabi/lib/thumb/v7-m/nofp\libc_nano.a(lib_a-lock.o)
                0x00000000080047a0                __retarget_lock_acquire_recursive
 .text.__retarget_lock_release_recursive
                0x00000000080047a2        0x2 d:/bk/hk251/vxl_vdk/stm32/stm32cubeide_1.7.0/stm32cubeide/plugins/com.st.stm32cube.ide.mcu.externaltools.gnu-tools-for-stm32.9-2020-q2-update.win32_2.0.0.202105311346/tools/bin/../lib/gcc/arm-none-eabi/9.3.1/../../../../arm-none-eabi/lib/thumb/v7-m/nofp\libc_nano.a(lib_a-lock.o)
                0x00000000080047a2                __retarget_lock_release_recursive
 *(.glue_7)
 .glue_7        0x00000000080047a4        0x0 linker stubs
 *(.glue_7t)
 .glue_7t       0x00000000080047a4        0x0 linker stubs
 *(.eh_frame)
 .eh_frame      0x00000000080047a4        0x0 d:/bk/hk251/vxl_vdk/stm32/stm32cubeide_1.7.0/stm32cubeide/plugins/com.st.stm32cube.ide.mcu.externaltools.gnu-tools-for-stm32.9-2020-q2-update.win32_2.0.0.202105311346/tools/bin/../lib/gcc/arm-none-eabi/9.3.1/thumb/v7-m/nofp/crtbegin.o
 *(.init)
 .init          0x00000000080047a4        0x4 d:/bk/hk251/vxl_vdk/stm32/stm32cubeide_1.7.0/stm32cubeide/plugins/com.st.stm32cube.ide.mcu.externaltools.gnu-tools-for-stm32.9-2020-q2-update.win32_2.0.0.202105311346/tools/bin/../lib/gcc/arm-none-eabi/9.3.1/thumb/v7-m/nofp/crti.o
                0x00000000080047a4                _init
 .init          0x00000000080047a8        0x8 d:/bk/hk251/vxl_vdk/stm32/stm32cubeide_1.7.0/stm32cubeide/plugins/com.st.stm32cube.ide.mcu.externaltools.gnu-tools-for-stm32.9-2020-q2-update.win32_2.0.0.202105311346/tools/bin/../lib/gcc/arm-none-eabi/9.3.1/thumb/v7-m/nofp/crtn.o
 *(.fini)
 .fini          0x00000000080047b0        0x4 d:/bk/hk251/vxl_vdk/stm32/stm32cubeide_1.7.0/stm32cubeide/plugins/com.st.stm32cube.ide.mcu.externaltools.gnu-tools-for-stm32.9-2020-q2-update.win32_2.0.0.202105311346/tools/bin/../lib/gcc/arm-none-eabi/9.3.1/thumb/v7-m/nofp/crti.o
                0x00000000080047b0                _fini
 .fini          0x00000000080047b4        0x8 d:/bk/hk251/vxl_vdk/stm32/stm32cubeide_1.7.0/stm32cubeide/plugins/com.st.stm32cube.ide.mcu.externaltools.gnu-tools-for-stm32.9-2020-q2-update.win32_2.0.0.202105311346/tools/bin/../lib/gcc/arm-none-eabi/9.3.1/thumb/v7-m/nofp/crtn.o
                0x00000000080047bc                . = ALIGN (0x4)
                0x00000000080047bc                _etext = .

.vfp11_veneer   0x00000000080047bc        0x0
 .vfp11_veneer  0x00000000080047bc        0x0 linker stubs

.v4_bx          0x00000000080047bc        0x0
 .v4_bx         0x00000000080047bc        0x0 linker stubs

.iplt           0x00000000080047bc        0x0
 .iplt          0x00000000080047bc        0x0 d:/bk/hk251/vxl_vdk/stm32/stm32cubeide_1.7.0/stm32cubeide/plugins/com.st.stm32cube.ide.mcu.externaltools.gnu-tools-for-stm32.9-2020-q2-update.win32_2.0.0.202105311346/tools/bin/../lib/gcc/arm-none-eabi/9.3.1/thumb/v7-m/nofp/crtbegin.o

.rodata         0x00000000080047bc      0x108
                0x00000000080047bc                . = ALIGN (0x4)
 *(.rodata)
 .rodata        0x00000000080047bc       0xa8 ./Core/Src/display.o
 *(.rodata*)
 .rodata.AHBPrescTable
                0x0000000008004864       0x10 ./Core/Src/system_stm32f1xx.o
                0x0000000008004864                AHBPrescTable
 .rodata.APBPrescTable
                0x0000000008004874        0x8 ./Core/Src/system_stm32f1xx.o
                0x0000000008004874                APBPrescTable
 .rodata.aPLLMULFactorTable.6442
                0x000000000800487c       0x10 ./Drivers/STM32F1xx_HAL_Driver/Src/stm32f1xx_hal_rcc.o
 .rodata.aPredivFactorTable.6443
                0x000000000800488c        0x2 ./Drivers/STM32F1xx_HAL_Driver/Src/stm32f1xx_hal_rcc.o
 .rodata._svfprintf_r.str1.1
                0x000000000800488e       0x11 d:/bk/hk251/vxl_vdk/stm32/stm32cubeide_1.7.0/stm32cubeide/plugins/com.st.stm32cube.ide.mcu.externaltools.gnu-tools-for-stm32.9-2020-q2-update.win32_2.0.0.202105311346/tools/bin/../lib/gcc/arm-none-eabi/9.3.1/../../../../arm-none-eabi/lib/thumb/v7-m/nofp\libc_nano.a(lib_a-nano-svfprintf.o)
 .rodata._printf_i.str1.1
                0x000000000800489f       0x22 d:/bk/hk251/vxl_vdk/stm32/stm32cubeide_1.7.0/stm32cubeide/plugins/com.st.stm32cube.ide.mcu.externaltools.gnu-tools-for-stm32.9-2020-q2-update.win32_2.0.0.202105311346/tools/bin/../lib/gcc/arm-none-eabi/9.3.1/../../../../arm-none-eabi/lib/thumb/v7-m/nofp\libc_nano.a(lib_a-nano-vfprintf_i.o)
                0x00000000080048c4                . = ALIGN (0x4)
 *fill*         0x00000000080048c1        0x3 

.rel.dyn        0x00000000080048c4        0x0
 .rel.iplt      0x00000000080048c4        0x0 d:/bk/hk251/vxl_vdk/stm32/stm32cubeide_1.7.0/stm32cubeide/plugins/com.st.stm32cube.ide.mcu.externaltools.gnu-tools-for-stm32.9-2020-q2-update.win32_2.0.0.202105311346/tools/bin/../lib/gcc/arm-none-eabi/9.3.1/thumb/v7-m/nofp/crtbegin.o

.ARM.extab      0x00000000080048c4        0x0
                0x00000000080048c4                . = ALIGN (0x4)
 *(.ARM.extab* .gnu.linkonce.armextab.*)
                0x00000000080048c4                . = ALIGN (0x4)

.ARM            0x00000000080048c4        0x0
                0x00000000080048c4                . = ALIGN (0x4)
                0x00000000080048c4                __exidx_start = .
 *(.ARM.exidx*)
                0x00000000080048c4                __exidx_end = .
                0x00000000080048c4                . = ALIGN (0x4)

.preinit_array  0x00000000080048c4        0x0
                0x00000000080048c4                . = ALIGN (0x4)
                0x00000000080048c4                PROVIDE (__preinit_array_start = .)
 *(.preinit_array*)
                0x00000000080048c4                PROVIDE (__preinit_array_end = .)
                0x00000000080048c4                . = ALIGN (0x4)

.init_array     0x00000000080048c4        0x4
                0x00000000080048c4                . = ALIGN (0x4)
                0x00000000080048c4                PROVIDE (__init_array_start = .)
 *(SORT_BY_NAME(.init_array.*))
 *(.init_array*)
 .init_array    0x00000000080048c4        0x4 d:/bk/hk251/vxl_vdk/stm32/stm32cubeide_1.7.0/stm32cubeide/plugins/com.st.stm32cube.ide.mcu.externaltools.gnu-tools-for-stm32.9-2020-q2-update.win32_2.0.0.202105311346/tools/bin/../lib/gcc/arm-none-eabi/9.3.1/thumb/v7-m/nofp/crtbegin.o
                0x00000000080048c8                PROVIDE (__init_array_end = .)
                0x00000000080048c8                . = ALIGN (0x4)

.fini_array     0x00000000080048c8        0x4
                0x00000000080048c8                . = ALIGN (0x4)
                [!provide]                        PROVIDE (__fini_array_start = .)
 *(SORT_BY_NAME(.fini_array.*))
 *(.fini_array*)
 .fini_array    0x00000000080048c8        0x4 d:/bk/hk251/vxl_vdk/stm32/stm32cubeide_1.7.0/stm32cubeide/plugins/com.st.stm32cube.ide.mcu.externaltools.gnu-tools-for-stm32.9-2020-q2-update.win32_2.0.0.202105311346/tools/bin/../lib/gcc/arm-none-eabi/9.3.1/thumb/v7-m/nofp/crtbegin.o
                [!provide]                        PROVIDE (__fini_array_end = .)
                0x00000000080048cc                . = ALIGN (0x4)
                0x00000000080048cc                _sidata = LOADADDR (.data)

.data           0x0000000020000000       0xa0 load address 0x00000000080048cc
                0x0000000020000000                . = ALIGN (0x4)
                0x0000000020000000                _sdata = .
 *(.data)
 *(.data*)
 .data.BUTTON_PORTS
                0x0000000020000000       0x10 ./Core/Src/button.o
                0x0000000020000000                BUTTON_PORTS
 .data.BUTTON_PINS
                0x0000000020000010        0x8 ./Core/Src/button.o
                0x0000000020000010                BUTTON_PINS
 .data.old_num1
                0x0000000020000018        0x4 ./Core/Src/display.o
                0x0000000020000018                old_num1
 .data.old_num2
                0x000000002000001c        0x4 ./Core/Src/display.o
                0x000000002000001c                old_num2
 .data.old_status
                0x0000000020000020        0x4 ./Core/Src/display.o
                0x0000000020000020                old_status
 .data.time_red
                0x0000000020000024        0x4 ./Core/Src/global.o
                0x0000000020000024                time_red
 .data.time_amber
                0x0000000020000028        0x4 ./Core/Src/global.o
                0x0000000020000028                time_amber
 .data.time_green
                0x000000002000002c        0x4 ./Core/Src/global.o
                0x000000002000002c                time_green
 .data.SystemCoreClock
                0x0000000020000030        0x4 ./Core/Src/system_stm32f1xx.o
                0x0000000020000030                SystemCoreClock
 .data.uwTickPrio
                0x0000000020000034        0x4 ./Drivers/STM32F1xx_HAL_Driver/Src/stm32f1xx_hal.o
                0x0000000020000034                uwTickPrio
 .data.uwTickFreq
                0x0000000020000038        0x1 ./Drivers/STM32F1xx_HAL_Driver/Src/stm32f1xx_hal.o
                0x0000000020000038                uwTickFreq
 *fill*         0x0000000020000039        0x3 
 .data._impure_ptr
                0x000000002000003c        0x4 d:/bk/hk251/vxl_vdk/stm32/stm32cubeide_1.7.0/stm32cubeide/plugins/com.st.stm32cube.ide.mcu.externaltools.gnu-tools-for-stm32.9-2020-q2-update.win32_2.0.0.202105311346/tools/bin/../lib/gcc/arm-none-eabi/9.3.1/../../../../arm-none-eabi/lib/thumb/v7-m/nofp\libc_nano.a(lib_a-impure.o)
                0x000000002000003c                _impure_ptr
 .data.impure_data
                0x0000000020000040       0x60 d:/bk/hk251/vxl_vdk/stm32/stm32cubeide_1.7.0/stm32cubeide/plugins/com.st.stm32cube.ide.mcu.externaltools.gnu-tools-for-stm32.9-2020-q2-update.win32_2.0.0.202105311346/tools/bin/../lib/gcc/arm-none-eabi/9.3.1/../../../../arm-none-eabi/lib/thumb/v7-m/nofp\libc_nano.a(lib_a-impure.o)
 *(.RamFunc)
 *(.RamFunc*)
                0x00000000200000a0                . = ALIGN (0x4)
                0x00000000200000a0                _edata = .

.igot.plt       0x00000000200000a0        0x0 load address 0x000000000800496c
 .igot.plt      0x00000000200000a0        0x0 d:/bk/hk251/vxl_vdk/stm32/stm32cubeide_1.7.0/stm32cubeide/plugins/com.st.stm32cube.ide.mcu.externaltools.gnu-tools-for-stm32.9-2020-q2-update.win32_2.0.0.202105311346/tools/bin/../lib/gcc/arm-none-eabi/9.3.1/thumb/v7-m/nofp/crtbegin.o
                0x00000000200000a0                . = ALIGN (0x4)

.bss            0x00000000200000a0      0x2c8 load address 0x000000000800496c
                0x00000000200000a0                _sbss = .
                0x00000000200000a0                __bss_start__ = _sbss
 *(.bss)
 .bss           0x00000000200000a0       0x1c d:/bk/hk251/vxl_vdk/stm32/stm32cubeide_1.7.0/stm32cubeide/plugins/com.st.stm32cube.ide.mcu.externaltools.gnu-tools-for-stm32.9-2020-q2-update.win32_2.0.0.202105311346/tools/bin/../lib/gcc/arm-none-eabi/9.3.1/thumb/v7-m/nofp/crtbegin.o
 *(.bss*)
 .bss.status    0x00000000200000bc        0x4 ./Core/Src/global.o
                0x00000000200000bc                status
 .bss.counter1  0x00000000200000c0        0x4 ./Core/Src/global.o
                0x00000000200000c0                counter1
 .bss.counter2  0x00000000200000c4        0x4 ./Core/Src/global.o
                0x00000000200000c4                counter2
 .bss.temp_red  0x00000000200000c8        0x4 ./Core/Src/global.o
                0x00000000200000c8                temp_red
 .bss.temp_amber
                0x00000000200000cc        0x4 ./Core/Src/global.o
                0x00000000200000cc                temp_amber
 .bss.temp_green
                0x00000000200000d0        0x4 ./Core/Src/global.o
                0x00000000200000d0                temp_green
 .bss.SCH_tasks_G
                0x00000000200000d4       0xc8 ./Core/Src/scheduler.o
 .bss.newTaskID
                0x000000002000019c        0x4 ./Core/Src/scheduler.o
 .bss.count_SCH_Update
                0x00000000200001a0        0x4 ./Core/Src/scheduler.o
 .bss.__sbrk_heap_end
                0x00000000200001a4        0x4 ./Core/Src/sysmem.o
 .bss.__malloc_free_list
                0x00000000200001a8        0x4 d:/bk/hk251/vxl_vdk/stm32/stm32cubeide_1.7.0/stm32cubeide/plugins/com.st.stm32cube.ide.mcu.externaltools.gnu-tools-for-stm32.9-2020-q2-update.win32_2.0.0.202105311346/tools/bin/../lib/gcc/arm-none-eabi/9.3.1/../../../../arm-none-eabi/lib/thumb/v7-m/nofp\libc_nano.a(lib_a-nano-mallocr.o)
                0x00000000200001a8                __malloc_free_list
 .bss.__malloc_sbrk_start
                0x00000000200001ac        0x4 d:/bk/hk251/vxl_vdk/stm32/stm32cubeide_1.7.0/stm32cubeide/plugins/com.st.stm32cube.ide.mcu.externaltools.gnu-tools-for-stm32.9-2020-q2-update.win32_2.0.0.202105311346/tools/bin/../lib/gcc/arm-none-eabi/9.3.1/../../../../arm-none-eabi/lib/thumb/v7-m/nofp\libc_nano.a(lib_a-nano-mallocr.o)
                0x00000000200001ac                __malloc_sbrk_start
 *(COMMON)
 COMMON         0x00000000200001b0       0x70 ./Core/Src/button.o
                0x00000000200001b0                buttons
 COMMON         0x0000000020000220       0xe4 ./Core/Src/main.o
                0x0000000020000220                hi2c1
                0x0000000020000274                htim2
                0x00000000200002bc                huart2
 COMMON         0x0000000020000304       0x50 ./Core/Src/software_timer.o
                0x0000000020000304                timer_counter
                0x000000002000032c                timer_flag
 COMMON         0x0000000020000354        0x4 ./Drivers/STM32F1xx_HAL_Driver/Src/stm32f1xx_hal.o
                0x0000000020000354                uwTick
 COMMON         0x0000000020000358        0x4 d:/bk/hk251/vxl_vdk/stm32/stm32cubeide_1.7.0/stm32cubeide/plugins/com.st.stm32cube.ide.mcu.externaltools.gnu-tools-for-stm32.9-2020-q2-update.win32_2.0.0.202105311346/tools/bin/../lib/gcc/arm-none-eabi/9.3.1/../../../../arm-none-eabi/lib/thumb/v7-m/nofp\libc_nano.a(lib_a-reent.o)
                0x0000000020000358                errno
 COMMON         0x000000002000035c        0x9 d:/bk/hk251/vxl_vdk/stm32/stm32cubeide_1.7.0/stm32cubeide/plugins/com.st.stm32cube.ide.mcu.externaltools.gnu-tools-for-stm32.9-2020-q2-update.win32_2.0.0.202105311346/tools/bin/../lib/gcc/arm-none-eabi/9.3.1/../../../../arm-none-eabi/lib/thumb/v7-m/nofp\libc_nano.a(lib_a-lock.o)
                0x000000002000035c                __lock___atexit_recursive_mutex
                0x000000002000035d                __lock___arc4random_mutex
                0x000000002000035e                __lock___env_recursive_mutex
                0x000000002000035f                __lock___sinit_recursive_mutex
                0x0000000020000360                __lock___malloc_recursive_mutex
                0x0000000020000361                __lock___at_quick_exit_mutex
                0x0000000020000362                __lock___dd_hash_mutex
                0x0000000020000363                __lock___tz_mutex
                0x0000000020000364                __lock___sfp_recursive_mutex
                0x0000000020000368                . = ALIGN (0x4)
 *fill*         0x0000000020000365        0x3 
                0x0000000020000368                _ebss = .
                0x0000000020000368                __bss_end__ = _ebss

._user_heap_stack
                0x0000000020000368      0x600 load address 0x000000000800496c
                0x0000000020000368                . = ALIGN (0x8)
                [!provide]                        PROVIDE (end = .)
                0x0000000020000368                PROVIDE (_end = .)
                0x0000000020000568                . = (. + _Min_Heap_Size)
 *fill*         0x0000000020000368      0x200 
                0x0000000020000968                . = (. + _Min_Stack_Size)
 *fill*         0x0000000020000568      0x400 
                0x0000000020000968                . = ALIGN (0x8)

/DISCARD/
 libc.a(*)
 libm.a(*)
 libgcc.a(*)

.ARM.attributes
                0x0000000000000000       0x29
 *(.ARM.attributes)
 .ARM.attributes
                0x0000000000000000       0x1d d:/bk/hk251/vxl_vdk/stm32/stm32cubeide_1.7.0/stm32cubeide/plugins/com.st.stm32cube.ide.mcu.externaltools.gnu-tools-for-stm32.9-2020-q2-update.win32_2.0.0.202105311346/tools/bin/../lib/gcc/arm-none-eabi/9.3.1/thumb/v7-m/nofp/crti.o
 .ARM.attributes
                0x000000000000001d       0x2d d:/bk/hk251/vxl_vdk/stm32/stm32cubeide_1.7.0/stm32cubeide/plugins/com.st.stm32cube.ide.mcu.externaltools.gnu-tools-for-stm32.9-2020-q2-update.win32_2.0.0.202105311346/tools/bin/../lib/gcc/arm-none-eabi/9.3.1/thumb/v7-m/nofp/crtbegin.o
 .ARM.attributes
                0x000000000000004a       0x2d ./Core/Src/button.o
 .ARM.attributes
                0x0000000000000077       0x2d ./Core/Src/display.o
 .ARM.attributes
                0x00000000000000a4       0x2d ./Core/Src/fsm_automatic.o
 .ARM.attributes
                0x00000000000000d1       0x2d ./Core/Src/fsm_manual.o
 .ARM.attributes
                0x00000000000000fe       0x2d ./Core/Src/fsm_mode.o
 .ARM.attributes
                0x000000000000012b       0x2d ./Core/Src/global.o
 .ARM.attributes
                0x0000000000000158       0x2d ./Core/Src/i2c-lcd.o
 .ARM.attributes
                0x0000000000000185       0x2d ./Core/Src/main.o
 .ARM.attributes
                0x00000000000001b2       0x2d ./Core/Src/scheduler.o
 .ARM.attributes
                0x00000000000001df       0x2d ./Core/Src/software_timer.o
 .ARM.attributes
                0x000000000000020c       0x2d ./Core/Src/stm32f1xx_hal_msp.o
 .ARM.attributes
                0x0000000000000239       0x2d ./Core/Src/stm32f1xx_it.o
 .ARM.attributes
                0x0000000000000266       0x2d ./Core/Src/sysmem.o
 .ARM.attributes
                0x0000000000000293       0x2d ./Core/Src/system_stm32f1xx.o
 .ARM.attributes
                0x00000000000002c0       0x2d ./Core/Src/tasks.o
 .ARM.attributes
                0x00000000000002ed       0x21 ./Core/Startup/startup_stm32f103rbtx.o
 .ARM.attributes
                0x000000000000030e       0x2d ./Drivers/STM32F1xx_HAL_Driver/Src/stm32f1xx_hal.o
 .ARM.attributes
                0x000000000000033b       0x2d ./Drivers/STM32F1xx_HAL_Driver/Src/stm32f1xx_hal_cortex.o
 .ARM.attributes
                0x0000000000000368       0x2d ./Drivers/STM32F1xx_HAL_Driver/Src/stm32f1xx_hal_gpio.o
 .ARM.attributes
                0x0000000000000395       0x2d ./Drivers/STM32F1xx_HAL_Driver/Src/stm32f1xx_hal_i2c.o
 .ARM.attributes
                0x00000000000003c2       0x2d ./Drivers/STM32F1xx_HAL_Driver/Src/stm32f1xx_hal_rcc.o
 .ARM.attributes
                0x00000000000003ef       0x2d ./Drivers/STM32F1xx_HAL_Driver/Src/stm32f1xx_hal_tim.o
 .ARM.attributes
                0x000000000000041c       0x2d ./Drivers/STM32F1xx_HAL_Driver/Src/stm32f1xx_hal_tim_ex.o
 .ARM.attributes
                0x0000000000000449       0x2d ./Drivers/STM32F1xx_HAL_Driver/Src/stm32f1xx_hal_uart.o
 .ARM.attributes
                0x0000000000000476       0x2d d:/bk/hk251/vxl_vdk/stm32/stm32cubeide_1.7.0/stm32cubeide/plugins/com.st.stm32cube.ide.mcu.externaltools.gnu-tools-for-stm32.9-2020-q2-update.win32_2.0.0.202105311346/tools/bin/../lib/gcc/arm-none-eabi/9.3.1/../../../../arm-none-eabi/lib/thumb/v7-m/nofp\libc_nano.a(lib_a-errno.o)
 .ARM.attributes
                0x00000000000004a3       0x2d d:/bk/hk251/vxl_vdk/stm32/stm32cubeide_1.7.0/stm32cubeide/plugins/com.st.stm32cube.ide.mcu.externaltools.gnu-tools-for-stm32.9-2020-q2-update.win32_2.0.0.202105311346/tools/bin/../lib/gcc/arm-none-eabi/9.3.1/../../../../arm-none-eabi/lib/thumb/v7-m/nofp\libc_nano.a(lib_a-impure.o)
 .ARM.attributes
                0x00000000000004d0       0x2d d:/bk/hk251/vxl_vdk/stm32/stm32cubeide_1.7.0/stm32cubeide/plugins/com.st.stm32cube.ide.mcu.externaltools.gnu-tools-for-stm32.9-2020-q2-update.win32_2.0.0.202105311346/tools/bin/../lib/gcc/arm-none-eabi/9.3.1/../../../../arm-none-eabi/lib/thumb/v7-m/nofp\libc_nano.a(lib_a-init.o)
 .ARM.attributes
                0x00000000000004fd       0x2d d:/bk/hk251/vxl_vdk/stm32/stm32cubeide_1.7.0/stm32cubeide/plugins/com.st.stm32cube.ide.mcu.externaltools.gnu-tools-for-stm32.9-2020-q2-update.win32_2.0.0.202105311346/tools/bin/../lib/gcc/arm-none-eabi/9.3.1/../../../../arm-none-eabi/lib/thumb/v7-m/nofp\libc_nano.a(lib_a-memset.o)
 .ARM.attributes
                0x000000000000052a       0x2d d:/bk/hk251/vxl_vdk/stm32/stm32cubeide_1.7.0/stm32cubeide/plugins/com.st.stm32cube.ide.mcu.externaltools.gnu-tools-for-stm32.9-2020-q2-update.win32_2.0.0.202105311346/tools/bin/../lib/gcc/arm-none-eabi/9.3.1/../../../../arm-none-eabi/lib/thumb/v7-m/nofp\libc_nano.a(lib_a-sprintf.o)
 .ARM.attributes
                0x0000000000000557       0x2d d:/bk/hk251/vxl_vdk/stm32/stm32cubeide_1.7.0/stm32cubeide/plugins/com.st.stm32cube.ide.mcu.externaltools.gnu-tools-for-stm32.9-2020-q2-update.win32_2.0.0.202105311346/tools/bin/../lib/gcc/arm-none-eabi/9.3.1/../../../../arm-none-eabi/lib/thumb/v7-m/nofp\libc_nano.a(lib_a-nano-svfprintf.o)
 .ARM.attributes
                0x0000000000000584       0x2d d:/bk/hk251/vxl_vdk/stm32/stm32cubeide_1.7.0/stm32cubeide/plugins/com.st.stm32cube.ide.mcu.externaltools.gnu-tools-for-stm32.9-2020-q2-update.win32_2.0.0.202105311346/tools/bin/../lib/gcc/arm-none-eabi/9.3.1/../../../../arm-none-eabi/lib/thumb/v7-m/nofp\libc_nano.a(lib_a-nano-vfprintf_i.o)
 .ARM.attributes
                0x00000000000005b1       0x2d d:/bk/hk251/vxl_vdk/stm32/stm32cubeide_1.7.0/stm32cubeide/plugins/com.st.stm32cube.ide.mcu.externaltools.gnu-tools-for-stm32.9-2020-q2-update.win32_2.0.0.202105311346/tools/bin/../lib/gcc/arm-none-eabi/9.3.1/../../../../arm-none-eabi/lib/thumb/v7-m/nofp\libc_nano.a(lib_a-memchr-stub.o)
 .ARM.attributes
                0x00000000000005de       0x2d d:/bk/hk251/vxl_vdk/stm32/stm32cubeide_1.7.0/stm32cubeide/plugins/com.st.stm32cube.ide.mcu.externaltools.gnu-tools-for-stm32.9-2020-q2-update.win32_2.0.0.202105311346/tools/bin/../lib/gcc/arm-none-eabi/9.3.1/../../../../arm-none-eabi/lib/thumb/v7-m/nofp\libc_nano.a(lib_a-memcpy-stub.o)
 .ARM.attributes
                0x000000000000060b       0x2d d:/bk/hk251/vxl_vdk/stm32/stm32cubeide_1.7.0/stm32cubeide/plugins/com.st.stm32cube.ide.mcu.externaltools.gnu-tools-for-stm32.9-2020-q2-update.win32_2.0.0.202105311346/tools/bin/../lib/gcc/arm-none-eabi/9.3.1/../../../../arm-none-eabi/lib/thumb/v7-m/nofp\libc_nano.a(lib_a-memmove.o)
 .ARM.attributes
                0x0000000000000638       0x2d d:/bk/hk251/vxl_vdk/stm32/stm32cubeide_1.7.0/stm32cubeide/plugins/com.st.stm32cube.ide.mcu.externaltools.gnu-tools-for-stm32.9-2020-q2-update.win32_2.0.0.202105311346/tools/bin/../lib/gcc/arm-none-eabi/9.3.1/../../../../arm-none-eabi/lib/thumb/v7-m/nofp\libc_nano.a(lib_a-nano-freer.o)
 .ARM.attributes
                0x0000000000000665       0x2d d:/bk/hk251/vxl_vdk/stm32/stm32cubeide_1.7.0/stm32cubeide/plugins/com.st.stm32cube.ide.mcu.externaltools.gnu-tools-for-stm32.9-2020-q2-update.win32_2.0.0.202105311346/tools/bin/../lib/gcc/arm-none-eabi/9.3.1/../../../../arm-none-eabi/lib/thumb/v7-m/nofp\libc_nano.a(lib_a-nano-mallocr.o)
 .ARM.attributes
                0x0000000000000692       0x2d d:/bk/hk251/vxl_vdk/stm32/stm32cubeide_1.7.0/stm32cubeide/plugins/com.st.stm32cube.ide.mcu.externaltools.gnu-tools-for-stm32.9-2020-q2-update.win32_2.0.0.202105311346/tools/bin/../lib/gcc/arm-none-eabi/9.3.1/../../../../arm-none-eabi/lib/thumb/v7-m/nofp\libc_nano.a(lib_a-nano-reallocr.o)
 .ARM.attributes
                0x00000000000006bf       0x2d d:/bk/hk251/vxl_vdk/stm32/stm32cubeide_1.7.0/stm32cubeide/plugins/com.st.stm32cube.ide.mcu.externaltools.gnu-tools-for-stm32.9-2020-q2-update.win32_2.0.0.202105311346/tools/bin/../lib/gcc/arm-none-eabi/9.3.1/../../../../arm-none-eabi/lib/thumb/v7-m/nofp\libc_nano.a(lib_a-sbrkr.o)
 .ARM.attributes
                0x00000000000006ec       0x2d d:/bk/hk251/vxl_vdk/stm32/stm32cubeide_1.7.0/stm32cubeide/plugins/com.st.stm32cube.ide.mcu.externaltools.gnu-tools-for-stm32.9-2020-q2-update.win32_2.0.0.202105311346/tools/bin/../lib/gcc/arm-none-eabi/9.3.1/../../../../arm-none-eabi/lib/thumb/v7-m/nofp\libc_nano.a(lib_a-mlock.o)
 .ARM.attributes
                0x0000000000000719       0x2d d:/bk/hk251/vxl_vdk/stm32/stm32cubeide_1.7.0/stm32cubeide/plugins/com.st.stm32cube.ide.mcu.externaltools.gnu-tools-for-stm32.9-2020-q2-update.win32_2.0.0.202105311346/tools/bin/../lib/gcc/arm-none-eabi/9.3.1/../../../../arm-none-eabi/lib/thumb/v7-m/nofp\libc_nano.a(lib_a-nano-msizer.o)
 .ARM.attributes
                0x0000000000000746       0x2d d:/bk/hk251/vxl_vdk/stm32/stm32cubeide_1.7.0/stm32cubeide/plugins/com.st.stm32cube.ide.mcu.externaltools.gnu-tools-for-stm32.9-2020-q2-update.win32_2.0.0.202105311346/tools/bin/../lib/gcc/arm-none-eabi/9.3.1/../../../../arm-none-eabi/lib/thumb/v7-m/nofp\libc_nano.a(lib_a-reent.o)
 .ARM.attributes
                0x0000000000000773       0x2d d:/bk/hk251/vxl_vdk/stm32/stm32cubeide_1.7.0/stm32cubeide/plugins/com.st.stm32cube.ide.mcu.externaltools.gnu-tools-for-stm32.9-2020-q2-update.win32_2.0.0.202105311346/tools/bin/../lib/gcc/arm-none-eabi/9.3.1/../../../../arm-none-eabi/lib/thumb/v7-m/nofp\libc_nano.a(lib_a-lock.o)
 .ARM.attributes
                0x00000000000007a0       0x1d d:/bk/hk251/vxl_vdk/stm32/stm32cubeide_1.7.0/stm32cubeide/plugins/com.st.stm32cube.ide.mcu.externaltools.gnu-tools-for-stm32.9-2020-q2-update.win32_2.0.0.202105311346/tools/bin/../lib/gcc/arm-none-eabi/9.3.1/thumb/v7-m/nofp/crtn.o
OUTPUT(TEST_NUCLEO.elf elf32-littlearm)
LOAD linker stubs
LOAD d:/bk/hk251/vxl_vdk/stm32/stm32cubeide_1.7.0/stm32cubeide/plugins/com.st.stm32cube.ide.mcu.externaltools.gnu-tools-for-stm32.9-2020-q2-update.win32_2.0.0.202105311346/tools/bin/../lib/gcc/arm-none-eabi/9.3.1/../../../../arm-none-eabi/lib/thumb/v7-m/nofp\libc.a
LOAD d:/bk/hk251/vxl_vdk/stm32/stm32cubeide_1.7.0/stm32cubeide/plugins/com.st.stm32cube.ide.mcu.externaltools.gnu-tools-for-stm32.9-2020-q2-update.win32_2.0.0.202105311346/tools/bin/../lib/gcc/arm-none-eabi/9.3.1/../../../../arm-none-eabi/lib/thumb/v7-m/nofp\libm.a
LOAD d:/bk/hk251/vxl_vdk/stm32/stm32cubeide_1.7.0/stm32cubeide/plugins/com.st.stm32cube.ide.mcu.externaltools.gnu-tools-for-stm32.9-2020-q2-update.win32_2.0.0.202105311346/tools/bin/../lib/gcc/arm-none-eabi/9.3.1/thumb/v7-m/nofp\libgcc.a

.debug_info     0x0000000000000000    0x11cc7
 .debug_info    0x0000000000000000      0x402 ./Core/Src/button.o
 .debug_info    0x0000000000000402      0xc8d ./Core/Src/display.o
 .debug_info    0x000000000000108f      0x1fe ./Core/Src/fsm_automatic.o
 .debug_info    0x000000000000128d      0x290 ./Core/Src/fsm_manual.o
 .debug_info    0x000000000000151d      0x1fe ./Core/Src/fsm_mode.o
 .debug_info    0x000000000000171b      0x27c ./Core/Src/global.o
 .debug_info    0x0000000000001997      0x7d7 ./Core/Src/i2c-lcd.o
 .debug_info    0x000000000000216e     0x118d ./Core/Src/main.o
 .debug_info    0x00000000000032fb      0x2b4 ./Core/Src/scheduler.o
 .debug_info    0x00000000000035af       0xf5 ./Core/Src/software_timer.o
 .debug_info    0x00000000000036a4     0x1150 ./Core/Src/stm32f1xx_hal_msp.o
 .debug_info    0x00000000000047f4      0x7b9 ./Core/Src/stm32f1xx_it.o
 .debug_info    0x0000000000004fad      0xa25 ./Core/Src/sysmem.o
 .debug_info    0x00000000000059d2      0x2be ./Core/Src/system_stm32f1xx.o
 .debug_info    0x0000000000005c90      0x290 ./Core/Src/tasks.o
 .debug_info    0x0000000000005f20       0x22 ./Core/Startup/startup_stm32f103rbtx.o
 .debug_info    0x0000000000005f42      0x76a ./Drivers/STM32F1xx_HAL_Driver/Src/stm32f1xx_hal.o
 .debug_info    0x00000000000066ac      0xbdc ./Drivers/STM32F1xx_HAL_Driver/Src/stm32f1xx_hal_cortex.o
 .debug_info    0x0000000000007288      0x701 ./Drivers/STM32F1xx_HAL_Driver/Src/stm32f1xx_hal_gpio.o
 .debug_info    0x0000000000007989     0x27cb ./Drivers/STM32F1xx_HAL_Driver/Src/stm32f1xx_hal_i2c.o
 .debug_info    0x000000000000a154      0x893 ./Drivers/STM32F1xx_HAL_Driver/Src/stm32f1xx_hal_rcc.o
 .debug_info    0x000000000000a9e7     0x2c32 ./Drivers/STM32F1xx_HAL_Driver/Src/stm32f1xx_hal_tim.o
 .debug_info    0x000000000000d619     0x157f ./Drivers/STM32F1xx_HAL_Driver/Src/stm32f1xx_hal_tim_ex.o
 .debug_info    0x000000000000eb98     0x312f ./Drivers/STM32F1xx_HAL_Driver/Src/stm32f1xx_hal_uart.o

.debug_abbrev   0x0000000000000000     0x28b1
 .debug_abbrev  0x0000000000000000      0x1ba ./Core/Src/button.o
 .debug_abbrev  0x00000000000001ba      0x24f ./Core/Src/display.o
 .debug_abbrev  0x0000000000000409       0xb8 ./Core/Src/fsm_automatic.o
 .debug_abbrev  0x00000000000004c1       0xf8 ./Core/Src/fsm_manual.o
 .debug_abbrev  0x00000000000005b9       0xb8 ./Core/Src/fsm_mode.o
 .debug_abbrev  0x0000000000000671       0xc7 ./Core/Src/global.o
 .debug_abbrev  0x0000000000000738      0x1b2 ./Core/Src/i2c-lcd.o
 .debug_abbrev  0x00000000000008ea      0x2a3 ./Core/Src/main.o
 .debug_abbrev  0x0000000000000b8d      0x16c ./Core/Src/scheduler.o
 .debug_abbrev  0x0000000000000cf9       0xd1 ./Core/Src/software_timer.o
 .debug_abbrev  0x0000000000000dca      0x1c8 ./Core/Src/stm32f1xx_hal_msp.o
 .debug_abbrev  0x0000000000000f92      0x176 ./Core/Src/stm32f1xx_it.o
 .debug_abbrev  0x0000000000001108      0x1bf ./Core/Src/sysmem.o
 .debug_abbrev  0x00000000000012c7      0x14e ./Core/Src/system_stm32f1xx.o
 .debug_abbrev  0x0000000000001415       0xf8 ./Core/Src/tasks.o
 .debug_abbrev  0x000000000000150d       0x12 ./Core/Startup/startup_stm32f103rbtx.o
 .debug_abbrev  0x000000000000151f      0x1ed ./Drivers/STM32F1xx_HAL_Driver/Src/stm32f1xx_hal.o
 .debug_abbrev  0x000000000000170c      0x313 ./Drivers/STM32F1xx_HAL_Driver/Src/stm32f1xx_hal_cortex.o
 .debug_abbrev  0x0000000000001a1f      0x1e8 ./Drivers/STM32F1xx_HAL_Driver/Src/stm32f1xx_hal_gpio.o
 .debug_abbrev  0x0000000000001c07      0x288 ./Drivers/STM32F1xx_HAL_Driver/Src/stm32f1xx_hal_i2c.o
 .debug_abbrev  0x0000000000001e8f      0x273 ./Drivers/STM32F1xx_HAL_Driver/Src/stm32f1xx_hal_rcc.o
 .debug_abbrev  0x0000000000002102      0x25e ./Drivers/STM32F1xx_HAL_Driver/Src/stm32f1xx_hal_tim.o
 .debug_abbrev  0x0000000000002360      0x266 ./Drivers/STM32F1xx_HAL_Driver/Src/stm32f1xx_hal_tim_ex.o
 .debug_abbrev  0x00000000000025c6      0x2eb ./Drivers/STM32F1xx_HAL_Driver/Src/stm32f1xx_hal_uart.o

.debug_aranges  0x0000000000000000     0x1020
 .debug_aranges
                0x0000000000000000       0x48 ./Core/Src/button.o
 .debug_aranges
                0x0000000000000048       0x48 ./Core/Src/display.o
 .debug_aranges
                0x0000000000000090       0x20 ./Core/Src/fsm_automatic.o
 .debug_aranges
                0x00000000000000b0       0x20 ./Core/Src/fsm_manual.o
 .debug_aranges
                0x00000000000000d0       0x20 ./Core/Src/fsm_mode.o
 .debug_aranges
                0x00000000000000f0       0x20 ./Core/Src/global.o
 .debug_aranges
                0x0000000000000110       0x48 ./Core/Src/i2c-lcd.o
 .debug_aranges
                0x0000000000000158       0x58 ./Core/Src/main.o
 .debug_aranges
                0x00000000000001b0       0x48 ./Core/Src/scheduler.o
 .debug_aranges
                0x00000000000001f8       0x30 ./Core/Src/software_timer.o
 .debug_aranges
                0x0000000000000228       0x50 ./Core/Src/stm32f1xx_hal_msp.o
 .debug_aranges
                0x0000000000000278       0x68 ./Core/Src/stm32f1xx_it.o
 .debug_aranges
                0x00000000000002e0       0x20 ./Core/Src/sysmem.o
 .debug_aranges
                0x0000000000000300       0x28 ./Core/Src/system_stm32f1xx.o
 .debug_aranges
                0x0000000000000328       0x20 ./Core/Src/tasks.o
 .debug_aranges
                0x0000000000000348       0x28 ./Core/Startup/startup_stm32f103rbtx.o
 .debug_aranges
                0x0000000000000370       0xe0 ./Drivers/STM32F1xx_HAL_Driver/Src/stm32f1xx_hal.o
 .debug_aranges
                0x0000000000000450      0x100 ./Drivers/STM32F1xx_HAL_Driver/Src/stm32f1xx_hal_cortex.o
 .debug_aranges
                0x0000000000000550       0x58 ./Drivers/STM32F1xx_HAL_Driver/Src/stm32f1xx_hal_gpio.o
 .debug_aranges
                0x00000000000005a8      0x2a8 ./Drivers/STM32F1xx_HAL_Driver/Src/stm32f1xx_hal_i2c.o
 .debug_aranges
                0x0000000000000850       0x90 ./Drivers/STM32F1xx_HAL_Driver/Src/stm32f1xx_hal_rcc.o
 .debug_aranges
                0x00000000000008e0      0x3d0 ./Drivers/STM32F1xx_HAL_Driver/Src/stm32f1xx_hal_tim.o
 .debug_aranges
                0x0000000000000cb0      0x168 ./Drivers/STM32F1xx_HAL_Driver/Src/stm32f1xx_hal_tim_ex.o
 .debug_aranges
                0x0000000000000e18      0x208 ./Drivers/STM32F1xx_HAL_Driver/Src/stm32f1xx_hal_uart.o

.debug_ranges   0x0000000000000000      0xef0
 .debug_ranges  0x0000000000000000       0x38 ./Core/Src/button.o
 .debug_ranges  0x0000000000000038       0x38 ./Core/Src/display.o
 .debug_ranges  0x0000000000000070       0x10 ./Core/Src/fsm_automatic.o
 .debug_ranges  0x0000000000000080       0x10 ./Core/Src/fsm_manual.o
 .debug_ranges  0x0000000000000090       0x10 ./Core/Src/fsm_mode.o
 .debug_ranges  0x00000000000000a0       0x10 ./Core/Src/global.o
 .debug_ranges  0x00000000000000b0       0x38 ./Core/Src/i2c-lcd.o
 .debug_ranges  0x00000000000000e8       0x48 ./Core/Src/main.o
 .debug_ranges  0x0000000000000130       0x38 ./Core/Src/scheduler.o
 .debug_ranges  0x0000000000000168       0x20 ./Core/Src/software_timer.o
 .debug_ranges  0x0000000000000188       0x40 ./Core/Src/stm32f1xx_hal_msp.o
 .debug_ranges  0x00000000000001c8       0x58 ./Core/Src/stm32f1xx_it.o
 .debug_ranges  0x0000000000000220       0x10 ./Core/Src/sysmem.o
 .debug_ranges  0x0000000000000230       0x18 ./Core/Src/system_stm32f1xx.o
 .debug_ranges  0x0000000000000248       0x10 ./Core/Src/tasks.o
 .debug_ranges  0x0000000000000258       0x20 ./Core/Startup/startup_stm32f103rbtx.o
 .debug_ranges  0x0000000000000278       0xd0 ./Drivers/STM32F1xx_HAL_Driver/Src/stm32f1xx_hal.o
 .debug_ranges  0x0000000000000348       0xf0 ./Drivers/STM32F1xx_HAL_Driver/Src/stm32f1xx_hal_cortex.o
 .debug_ranges  0x0000000000000438       0x48 ./Drivers/STM32F1xx_HAL_Driver/Src/stm32f1xx_hal_gpio.o
 .debug_ranges  0x0000000000000480      0x2b0 ./Drivers/STM32F1xx_HAL_Driver/Src/stm32f1xx_hal_i2c.o
 .debug_ranges  0x0000000000000730       0x80 ./Drivers/STM32F1xx_HAL_Driver/Src/stm32f1xx_hal_rcc.o
 .debug_ranges  0x00000000000007b0      0x3c0 ./Drivers/STM32F1xx_HAL_Driver/Src/stm32f1xx_hal_tim.o
 .debug_ranges  0x0000000000000b70      0x158 ./Drivers/STM32F1xx_HAL_Driver/Src/stm32f1xx_hal_tim_ex.o
 .debug_ranges  0x0000000000000cc8      0x228 ./Drivers/STM32F1xx_HAL_Driver/Src/stm32f1xx_hal_uart.o

.debug_macro    0x0000000000000000    0x1903b
 .debug_macro   0x0000000000000000      0x1cb ./Core/Src/button.o
 .debug_macro   0x00000000000001cb      0xa9c ./Core/Src/button.o
 .debug_macro   0x0000000000000c67      0x221 ./Core/Src/button.o
 .debug_macro   0x0000000000000e88       0x2e ./Core/Src/button.o
 .debug_macro   0x0000000000000eb6       0x22 ./Core/Src/button.o
 .debug_macro   0x0000000000000ed8       0x22 ./Core/Src/button.o
 .debug_macro   0x0000000000000efa       0x8e ./Core/Src/button.o
 .debug_macro   0x0000000000000f88       0x51 ./Core/Src/button.o
 .debug_macro   0x0000000000000fd9      0x103 ./Core/Src/button.o
 .debug_macro   0x00000000000010dc       0x6a ./Core/Src/button.o
 .debug_macro   0x0000000000001146      0x1df ./Core/Src/button.o
 .debug_macro   0x0000000000001325       0x1c ./Core/Src/button.o
 .debug_macro   0x0000000000001341       0x22 ./Core/Src/button.o
 .debug_macro   0x0000000000001363       0xc3 ./Core/Src/button.o
 .debug_macro   0x0000000000001426      0xd23 ./Core/Src/button.o
 .debug_macro   0x0000000000002149     0xe09e ./Core/Src/button.o
 .debug_macro   0x00000000000101e7       0x6d ./Core/Src/button.o
 .debug_macro   0x0000000000010254     0x34a2 ./Core/Src/button.o
 .debug_macro   0x00000000000136f6      0x174 ./Core/Src/button.o
 .debug_macro   0x000000000001386a       0x5c ./Core/Src/button.o
 .debug_macro   0x00000000000138c6      0x5bc ./Core/Src/button.o
 .debug_macro   0x0000000000013e82      0x289 ./Core/Src/button.o
 .debug_macro   0x000000000001410b      0x1cb ./Core/Src/button.o
 .debug_macro   0x00000000000142d6      0x114 ./Core/Src/button.o
 .debug_macro   0x00000000000143ea      0x1b2 ./Core/Src/button.o
 .debug_macro   0x000000000001459c       0x27 ./Core/Src/button.o
 .debug_macro   0x00000000000145c3      0x136 ./Core/Src/button.o
 .debug_macro   0x00000000000146f9      0x1bc ./Core/Src/button.o
 .debug_macro   0x00000000000148b5       0x34 ./Core/Src/button.o
 .debug_macro   0x00000000000148e9       0x3c ./Core/Src/button.o
 .debug_macro   0x0000000000014925       0x57 ./Core/Src/button.o
 .debug_macro   0x000000000001497c       0x87 ./Core/Src/button.o
 .debug_macro   0x0000000000014a03      0x240 ./Core/Src/button.o
 .debug_macro   0x0000000000014c43      0x287 ./Core/Src/button.o
 .debug_macro   0x0000000000014eca      0x140 ./Core/Src/button.o
 .debug_macro   0x000000000001500a      0x8ed ./Core/Src/button.o
 .debug_macro   0x00000000000158f7      0x28e ./Core/Src/button.o
 .debug_macro   0x0000000000015b85       0x83 ./Core/Src/button.o
 .debug_macro   0x0000000000015c08       0xb8 ./Core/Src/button.o
 .debug_macro   0x0000000000015cc0       0x16 ./Core/Src/button.o
 .debug_macro   0x0000000000015cd6      0x34e ./Core/Src/display.o
 .debug_macro   0x0000000000016024       0x16 ./Core/Src/display.o
 .debug_macro   0x000000000001603a       0x1c ./Core/Src/display.o
 .debug_macro   0x0000000000016056       0x34 ./Core/Src/display.o
 .debug_macro   0x000000000001608a       0x52 ./Core/Src/display.o
 .debug_macro   0x00000000000160dc       0x18 ./Core/Src/display.o
 .debug_macro   0x00000000000160f4       0x3c ./Core/Src/display.o
 .debug_macro   0x0000000000016130       0x34 ./Core/Src/display.o
 .debug_macro   0x0000000000016164       0x16 ./Core/Src/display.o
 .debug_macro   0x000000000001617a       0x35 ./Core/Src/display.o
 .debug_macro   0x00000000000161af      0x333 ./Core/Src/display.o
 .debug_macro   0x00000000000164e2       0x10 ./Core/Src/display.o
 .debug_macro   0x00000000000164f2       0x16 ./Core/Src/display.o
 .debug_macro   0x0000000000016508       0x43 ./Core/Src/display.o
 .debug_macro   0x000000000001654b       0x34 ./Core/Src/display.o
 .debug_macro   0x000000000001657f       0x10 ./Core/Src/display.o
 .debug_macro   0x000000000001658f       0x58 ./Core/Src/display.o
 .debug_macro   0x00000000000165e7       0x71 ./Core/Src/display.o
 .debug_macro   0x0000000000016658       0x1c ./Core/Src/display.o
 .debug_macro   0x0000000000016674      0x12a ./Core/Src/display.o
 .debug_macro   0x000000000001679e       0x10 ./Core/Src/display.o
 .debug_macro   0x00000000000167ae       0x1c ./Core/Src/display.o
 .debug_macro   0x00000000000167ca       0x52 ./Core/Src/display.o
 .debug_macro   0x000000000001681c       0x22 ./Core/Src/display.o
 .debug_macro   0x000000000001683e       0x10 ./Core/Src/display.o
 .debug_macro   0x000000000001684e       0x40 ./Core/Src/display.o
 .debug_macro   0x000000000001688e       0xd5 ./Core/Src/display.o
 .debug_macro   0x0000000000016963       0x1c ./Core/Src/display.o
 .debug_macro   0x000000000001697f       0x3d ./Core/Src/display.o
 .debug_macro   0x00000000000169bc       0x16 ./Core/Src/display.o
 .debug_macro   0x00000000000169d2      0x145 ./Core/Src/display.o
 .debug_macro   0x0000000000016b17      0x1f5 ./Core/Src/fsm_automatic.o
 .debug_macro   0x0000000000016d0c      0x1f5 ./Core/Src/fsm_manual.o
 .debug_macro   0x0000000000016f01      0x1f5 ./Core/Src/fsm_mode.o
 .debug_macro   0x00000000000170f6      0x1eb ./Core/Src/global.o
 .debug_macro   0x00000000000172e1      0x1b7 ./Core/Src/i2c-lcd.o
 .debug_macro   0x0000000000017498      0x23a ./Core/Src/main.o
 .debug_macro   0x00000000000176d2       0x16 ./Core/Src/main.o
 .debug_macro   0x00000000000176e8       0x72 ./Core/Src/scheduler.o
 .debug_macro   0x000000000001775a       0x10 ./Core/Src/scheduler.o
 .debug_macro   0x000000000001776a       0x1a ./Core/Src/software_timer.o
 .debug_macro   0x0000000000017784      0x1bc ./Core/Src/stm32f1xx_hal_msp.o
 .debug_macro   0x0000000000017940      0x1c6 ./Core/Src/stm32f1xx_it.o
 .debug_macro   0x0000000000017b06       0xff ./Core/Src/sysmem.o
 .debug_macro   0x0000000000017c05      0x23b ./Core/Src/sysmem.o
 .debug_macro   0x0000000000017e40      0x1ad ./Core/Src/system_stm32f1xx.o
 .debug_macro   0x0000000000017fed      0x1f5 ./Core/Src/tasks.o
 .debug_macro   0x00000000000181e2      0x1d1 ./Drivers/STM32F1xx_HAL_Driver/Src/stm32f1xx_hal.o
 .debug_macro   0x00000000000183b3      0x1ad ./Drivers/STM32F1xx_HAL_Driver/Src/stm32f1xx_hal_cortex.o
 .debug_macro   0x0000000000018560      0x218 ./Drivers/STM32F1xx_HAL_Driver/Src/stm32f1xx_hal_gpio.o
 .debug_macro   0x0000000000018778      0x1fb ./Drivers/STM32F1xx_HAL_Driver/Src/stm32f1xx_hal_i2c.o
 .debug_macro   0x0000000000018973      0x1bf ./Drivers/STM32F1xx_HAL_Driver/Src/stm32f1xx_hal_rcc.o
 .debug_macro   0x0000000000018b32      0x1ae ./Drivers/STM32F1xx_HAL_Driver/Src/stm32f1xx_hal_tim.o
 .debug_macro   0x0000000000018ce0      0x1ad ./Drivers/STM32F1xx_HAL_Driver/Src/stm32f1xx_hal_tim_ex.o
 .debug_macro   0x0000000000018e8d      0x1ae ./Drivers/STM32F1xx_HAL_Driver/Src/stm32f1xx_hal_uart.o

.debug_line     0x0000000000000000    0x1520a
 .debug_line    0x0000000000000000      0x857 ./Core/Src/button.o
 .debug_line    0x0000000000000857      0xc3d ./Core/Src/display.o
 .debug_line    0x0000000000001494      0x81b ./Core/Src/fsm_automatic.o
 .debug_line    0x0000000000001caf      0x7f7 ./Core/Src/fsm_manual.o
 .debug_line    0x00000000000024a6      0x7d7 ./Core/Src/fsm_mode.o
 .debug_line    0x0000000000002c7d      0x7a4 ./Core/Src/global.o
 .debug_line    0x0000000000003421      0x7d6 ./Core/Src/i2c-lcd.o
 .debug_line    0x0000000000003bf7      0x96f ./Core/Src/main.o
 .debug_line    0x0000000000004566      0x778 ./Core/Src/scheduler.o
 .debug_line    0x0000000000004cde       0xd8 ./Core/Src/software_timer.o
 .debug_line    0x0000000000004db6      0x7e3 ./Core/Src/stm32f1xx_hal_msp.o
 .debug_line    0x0000000000005599      0x7ed ./Core/Src/stm32f1xx_it.o
 .debug_line    0x0000000000005d86      0x656 ./Core/Src/sysmem.o
 .debug_line    0x00000000000063dc      0x791 ./Core/Src/system_stm32f1xx.o
 .debug_line    0x0000000000006b6d      0x75d ./Core/Src/tasks.o
 .debug_line    0x00000000000072ca       0x86 ./Core/Startup/startup_stm32f103rbtx.o
 .debug_line    0x0000000000007350      0x9be ./Drivers/STM32F1xx_HAL_Driver/Src/stm32f1xx_hal.o
 .debug_line    0x0000000000007d0e      0xba6 ./Drivers/STM32F1xx_HAL_Driver/Src/stm32f1xx_hal_cortex.o
 .debug_line    0x00000000000088b4      0xa57 ./Drivers/STM32F1xx_HAL_Driver/Src/stm32f1xx_hal_gpio.o
 .debug_line    0x000000000000930b     0x3b54 ./Drivers/STM32F1xx_HAL_Driver/Src/stm32f1xx_hal_i2c.o
 .debug_line    0x000000000000ce5f      0xdca ./Drivers/STM32F1xx_HAL_Driver/Src/stm32f1xx_hal_rcc.o
 .debug_line    0x000000000000dc29     0x3458 ./Drivers/STM32F1xx_HAL_Driver/Src/stm32f1xx_hal_tim.o
 .debug_line    0x0000000000011081     0x1904 ./Drivers/STM32F1xx_HAL_Driver/Src/stm32f1xx_hal_tim_ex.o
 .debug_line    0x0000000000012985     0x2885 ./Drivers/STM32F1xx_HAL_Driver/Src/stm32f1xx_hal_uart.o

.debug_str      0x0000000000000000    0x8d9b4
 .debug_str     0x0000000000000000    0x85021 ./Core/Src/button.o
                                      0x8536f (size before relaxing)
 .debug_str     0x0000000000085021     0x420b ./Core/Src/display.o
                                      0x89518 (size before relaxing)
 .debug_str     0x000000000008922c       0x44 ./Core/Src/fsm_automatic.o
                                      0x853ac (size before relaxing)
 .debug_str     0x0000000000089270       0x3b ./Core/Src/fsm_manual.o
                                      0x853ce (size before relaxing)
 .debug_str     0x00000000000892ab       0x35 ./Core/Src/fsm_mode.o
                                      0x8539d (size before relaxing)
 .debug_str     0x00000000000892e0       0x26 ./Core/Src/global.o
                                      0x8538e (size before relaxing)
 .debug_str     0x0000000000089306      0x47b ./Core/Src/i2c-lcd.o
                                      0x854a9 (size before relaxing)
 .debug_str     0x0000000000089781      0x768 ./Core/Src/main.o
                                      0x86052 (size before relaxing)
 .debug_str     0x0000000000089ee9       0xee ./Core/Src/scheduler.o
                                       0x3dcc (size before relaxing)
 .debug_str     0x0000000000089fd7       0x60 ./Core/Src/software_timer.o
                                       0x2df0 (size before relaxing)
 .debug_str     0x000000000008a037      0x345 ./Core/Src/stm32f1xx_hal_msp.o
                                      0x85f82 (size before relaxing)
 .debug_str     0x000000000008a37c       0xcd ./Core/Src/stm32f1xx_it.o
                                      0x85794 (size before relaxing)
 .debug_str     0x000000000008a449      0x4e9 ./Core/Src/sysmem.o
                                       0x6249 (size before relaxing)
 .debug_str     0x000000000008a932       0x52 ./Core/Src/system_stm32f1xx.o
                                      0x85027 (size before relaxing)
 .debug_str     0x000000000008a984       0x24 ./Core/Src/tasks.o
                                      0x853c5 (size before relaxing)
 .debug_str     0x000000000008a9a8       0x36 ./Core/Startup/startup_stm32f103rbtx.o
                                         0x5d (size before relaxing)
 .debug_str     0x000000000008a9de      0x304 ./Drivers/STM32F1xx_HAL_Driver/Src/stm32f1xx_hal.o
                                      0x856b8 (size before relaxing)
 .debug_str     0x000000000008ace2      0x300 ./Drivers/STM32F1xx_HAL_Driver/Src/stm32f1xx_hal_cortex.o
                                      0x856c0 (size before relaxing)
 .debug_str     0x000000000008afe2      0x324 ./Drivers/STM32F1xx_HAL_Driver/Src/stm32f1xx_hal_gpio.o
                                      0x853eb (size before relaxing)
 .debug_str     0x000000000008b306      0xb95 ./Drivers/STM32F1xx_HAL_Driver/Src/stm32f1xx_hal_i2c.o
                                      0x860b6 (size before relaxing)
 .debug_str     0x000000000008be9b      0x244 ./Drivers/STM32F1xx_HAL_Driver/Src/stm32f1xx_hal_rcc.o
                                      0x85424 (size before relaxing)
 .debug_str     0x000000000008c0df      0xdd8 ./Drivers/STM32F1xx_HAL_Driver/Src/stm32f1xx_hal_tim.o
                                      0x8640d (size before relaxing)
 .debug_str     0x000000000008ceb7      0x4ee ./Drivers/STM32F1xx_HAL_Driver/Src/stm32f1xx_hal_tim_ex.o
                                      0x85bae (size before relaxing)
 .debug_str     0x000000000008d3a5      0x60f ./Drivers/STM32F1xx_HAL_Driver/Src/stm32f1xx_hal_uart.o
                                      0x85a7c (size before relaxing)

.comment        0x0000000000000000       0x53
 .comment       0x0000000000000000       0x53 ./Core/Src/button.o
                                         0x54 (size before relaxing)
 .comment       0x0000000000000053       0x54 ./Core/Src/display.o
 .comment       0x0000000000000053       0x54 ./Core/Src/fsm_automatic.o
 .comment       0x0000000000000053       0x54 ./Core/Src/fsm_manual.o
 .comment       0x0000000000000053       0x54 ./Core/Src/fsm_mode.o
 .comment       0x0000000000000053       0x54 ./Core/Src/global.o
 .comment       0x0000000000000053       0x54 ./Core/Src/i2c-lcd.o
 .comment       0x0000000000000053       0x54 ./Core/Src/main.o
 .comment       0x0000000000000053       0x54 ./Core/Src/scheduler.o
 .comment       0x0000000000000053       0x54 ./Core/Src/software_timer.o
 .comment       0x0000000000000053       0x54 ./Core/Src/stm32f1xx_hal_msp.o
 .comment       0x0000000000000053       0x54 ./Core/Src/stm32f1xx_it.o
 .comment       0x0000000000000053       0x54 ./Core/Src/sysmem.o
 .comment       0x0000000000000053       0x54 ./Core/Src/system_stm32f1xx.o
 .comment       0x0000000000000053       0x54 ./Core/Src/tasks.o
 .comment       0x0000000000000053       0x54 ./Drivers/STM32F1xx_HAL_Driver/Src/stm32f1xx_hal.o
 .comment       0x0000000000000053       0x54 ./Drivers/STM32F1xx_HAL_Driver/Src/stm32f1xx_hal_cortex.o
 .comment       0x0000000000000053       0x54 ./Drivers/STM32F1xx_HAL_Driver/Src/stm32f1xx_hal_gpio.o
 .comment       0x0000000000000053       0x54 ./Drivers/STM32F1xx_HAL_Driver/Src/stm32f1xx_hal_i2c.o
 .comment       0x0000000000000053       0x54 ./Drivers/STM32F1xx_HAL_Driver/Src/stm32f1xx_hal_rcc.o
 .comment       0x0000000000000053       0x54 ./Drivers/STM32F1xx_HAL_Driver/Src/stm32f1xx_hal_tim.o
 .comment       0x0000000000000053       0x54 ./Drivers/STM32F1xx_HAL_Driver/Src/stm32f1xx_hal_tim_ex.o
 .comment       0x0000000000000053       0x54 ./Drivers/STM32F1xx_HAL_Driver/Src/stm32f1xx_hal_uart.o

.debug_frame    0x0000000000000000     0x45bc
 .debug_frame   0x0000000000000000       0xfc ./Core/Src/button.o
 .debug_frame   0x00000000000000fc       0xe4 ./Core/Src/display.o
 .debug_frame   0x00000000000001e0       0x2c ./Core/Src/fsm_automatic.o
 .debug_frame   0x000000000000020c       0x2c ./Core/Src/fsm_manual.o
 .debug_frame   0x0000000000000238       0x2c ./Core/Src/fsm_mode.o
 .debug_frame   0x0000000000000264       0x30 ./Core/Src/global.o
 .debug_frame   0x0000000000000294       0xd8 ./Core/Src/i2c-lcd.o
 .debug_frame   0x000000000000036c      0x10c ./Core/Src/main.o
 .debug_frame   0x0000000000000478       0xf0 ./Core/Src/scheduler.o
 .debug_frame   0x0000000000000568       0x88 ./Core/Src/software_timer.o
 .debug_frame   0x00000000000005f0      0x110 ./Core/Src/stm32f1xx_hal_msp.o
 .debug_frame   0x0000000000000700      0x120 ./Core/Src/stm32f1xx_it.o
 .debug_frame   0x0000000000000820       0x34 ./Core/Src/sysmem.o
 .debug_frame   0x0000000000000854       0x58 ./Core/Src/system_stm32f1xx.o
 .debug_frame   0x00000000000008ac       0x2c ./Core/Src/tasks.o
 .debug_frame   0x00000000000008d8      0x334 ./Drivers/STM32F1xx_HAL_Driver/Src/stm32f1xx_hal.o
 .debug_frame   0x0000000000000c0c      0x428 ./Drivers/STM32F1xx_HAL_Driver/Src/stm32f1xx_hal_cortex.o
 .debug_frame   0x0000000000001034      0x14c ./Drivers/STM32F1xx_HAL_Driver/Src/stm32f1xx_hal_gpio.o
 .debug_frame   0x0000000000001180      0xc84 ./Drivers/STM32F1xx_HAL_Driver/Src/stm32f1xx_hal_i2c.o
 .debug_frame   0x0000000000001e04      0x218 ./Drivers/STM32F1xx_HAL_Driver/Src/stm32f1xx_hal_rcc.o
 .debug_frame   0x000000000000201c     0x11b8 ./Drivers/STM32F1xx_HAL_Driver/Src/stm32f1xx_hal_tim.o
 .debug_frame   0x00000000000031d4      0x638 ./Drivers/STM32F1xx_HAL_Driver/Src/stm32f1xx_hal_tim_ex.o
 .debug_frame   0x000000000000380c      0x944 ./Drivers/STM32F1xx_HAL_Driver/Src/stm32f1xx_hal_uart.o
 .debug_frame   0x0000000000004150       0x20 d:/bk/hk251/vxl_vdk/stm32/stm32cubeide_1.7.0/stm32cubeide/plugins/com.st.stm32cube.ide.mcu.externaltools.gnu-tools-for-stm32.9-2020-q2-update.win32_2.0.0.202105311346/tools/bin/../lib/gcc/arm-none-eabi/9.3.1/../../../../arm-none-eabi/lib/thumb/v7-m/nofp\libc_nano.a(lib_a-errno.o)
 .debug_frame   0x0000000000004170       0x2c d:/bk/hk251/vxl_vdk/stm32/stm32cubeide_1.7.0/stm32cubeide/plugins/com.st.stm32cube.ide.mcu.externaltools.gnu-tools-for-stm32.9-2020-q2-update.win32_2.0.0.202105311346/tools/bin/../lib/gcc/arm-none-eabi/9.3.1/../../../../arm-none-eabi/lib/thumb/v7-m/nofp\libc_nano.a(lib_a-init.o)
 .debug_frame   0x000000000000419c       0x20 d:/bk/hk251/vxl_vdk/stm32/stm32cubeide_1.7.0/stm32cubeide/plugins/com.st.stm32cube.ide.mcu.externaltools.gnu-tools-for-stm32.9-2020-q2-update.win32_2.0.0.202105311346/tools/bin/../lib/gcc/arm-none-eabi/9.3.1/../../../../arm-none-eabi/lib/thumb/v7-m/nofp\libc_nano.a(lib_a-memset.o)
 .debug_frame   0x00000000000041bc       0x6c d:/bk/hk251/vxl_vdk/stm32/stm32cubeide_1.7.0/stm32cubeide/plugins/com.st.stm32cube.ide.mcu.externaltools.gnu-tools-for-stm32.9-2020-q2-update.win32_2.0.0.202105311346/tools/bin/../lib/gcc/arm-none-eabi/9.3.1/../../../../arm-none-eabi/lib/thumb/v7-m/nofp\libc_nano.a(lib_a-sprintf.o)
 .debug_frame   0x0000000000004228       0x90 d:/bk/hk251/vxl_vdk/stm32/stm32cubeide_1.7.0/stm32cubeide/plugins/com.st.stm32cube.ide.mcu.externaltools.gnu-tools-for-stm32.9-2020-q2-update.win32_2.0.0.202105311346/tools/bin/../lib/gcc/arm-none-eabi/9.3.1/../../../../arm-none-eabi/lib/thumb/v7-m/nofp\libc_nano.a(lib_a-nano-svfprintf.o)
 .debug_frame   0x00000000000042b8       0x60 d:/bk/hk251/vxl_vdk/stm32/stm32cubeide_1.7.0/stm32cubeide/plugins/com.st.stm32cube.ide.mcu.externaltools.gnu-tools-for-stm32.9-2020-q2-update.win32_2.0.0.202105311346/tools/bin/../lib/gcc/arm-none-eabi/9.3.1/../../../../arm-none-eabi/lib/thumb/v7-m/nofp\libc_nano.a(lib_a-nano-vfprintf_i.o)
 .debug_frame   0x0000000000004318       0x28 d:/bk/hk251/vxl_vdk/stm32/stm32cubeide_1.7.0/stm32cubeide/plugins/com.st.stm32cube.ide.mcu.externaltools.gnu-tools-for-stm32.9-2020-q2-update.win32_2.0.0.202105311346/tools/bin/../lib/gcc/arm-none-eabi/9.3.1/../../../../arm-none-eabi/lib/thumb/v7-m/nofp\libc_nano.a(lib_a-memchr-stub.o)
 .debug_frame   0x0000000000004340       0x28 d:/bk/hk251/vxl_vdk/stm32/stm32cubeide_1.7.0/stm32cubeide/plugins/com.st.stm32cube.ide.mcu.externaltools.gnu-tools-for-stm32.9-2020-q2-update.win32_2.0.0.202105311346/tools/bin/../lib/gcc/arm-none-eabi/9.3.1/../../../../arm-none-eabi/lib/thumb/v7-m/nofp\libc_nano.a(lib_a-memcpy-stub.o)
 .debug_frame   0x0000000000004368       0x28 d:/bk/hk251/vxl_vdk/stm32/stm32cubeide_1.7.0/stm32cubeide/plugins/com.st.stm32cube.ide.mcu.externaltools.gnu-tools-for-stm32.9-2020-q2-update.win32_2.0.0.202105311346/tools/bin/../lib/gcc/arm-none-eabi/9.3.1/../../../../arm-none-eabi/lib/thumb/v7-m/nofp\libc_nano.a(lib_a-memmove.o)
 .debug_frame   0x0000000000004390       0x38 d:/bk/hk251/vxl_vdk/stm32/stm32cubeide_1.7.0/stm32cubeide/plugins/com.st.stm32cube.ide.mcu.externaltools.gnu-tools-for-stm32.9-2020-q2-update.win32_2.0.0.202105311346/tools/bin/../lib/gcc/arm-none-eabi/9.3.1/../../../../arm-none-eabi/lib/thumb/v7-m/nofp\libc_nano.a(lib_a-nano-freer.o)
 .debug_frame   0x00000000000043c8       0x30 d:/bk/hk251/vxl_vdk/stm32/stm32cubeide_1.7.0/stm32cubeide/plugins/com.st.stm32cube.ide.mcu.externaltools.gnu-tools-for-stm32.9-2020-q2-update.win32_2.0.0.202105311346/tools/bin/../lib/gcc/arm-none-eabi/9.3.1/../../../../arm-none-eabi/lib/thumb/v7-m/nofp\libc_nano.a(lib_a-nano-mallocr.o)
 .debug_frame   0x00000000000043f8       0x3c d:/bk/hk251/vxl_vdk/stm32/stm32cubeide_1.7.0/stm32cubeide/plugins/com.st.stm32cube.ide.mcu.externaltools.gnu-tools-for-stm32.9-2020-q2-update.win32_2.0.0.202105311346/tools/bin/../lib/gcc/arm-none-eabi/9.3.1/../../../../arm-none-eabi/lib/thumb/v7-m/nofp\libc_nano.a(lib_a-nano-reallocr.o)
 .debug_frame   0x0000000000004434       0x2c d:/bk/hk251/vxl_vdk/stm32/stm32cubeide_1.7.0/stm32cubeide/plugins/com.st.stm32cube.ide.mcu.externaltools.gnu-tools-for-stm32.9-2020-q2-update.win32_2.0.0.202105311346/tools/bin/../lib/gcc/arm-none-eabi/9.3.1/../../../../arm-none-eabi/lib/thumb/v7-m/nofp\libc_nano.a(lib_a-sbrkr.o)
 .debug_frame   0x0000000000004460       0x30 d:/bk/hk251/vxl_vdk/stm32/stm32cubeide_1.7.0/stm32cubeide/plugins/com.st.stm32cube.ide.mcu.externaltools.gnu-tools-for-stm32.9-2020-q2-update.win32_2.0.0.202105311346/tools/bin/../lib/gcc/arm-none-eabi/9.3.1/../../../../arm-none-eabi/lib/thumb/v7-m/nofp\libc_nano.a(lib_a-mlock.o)
 .debug_frame   0x0000000000004490       0x20 d:/bk/hk251/vxl_vdk/stm32/stm32cubeide_1.7.0/stm32cubeide/plugins/com.st.stm32cube.ide.mcu.externaltools.gnu-tools-for-stm32.9-2020-q2-update.win32_2.0.0.202105311346/tools/bin/../lib/gcc/arm-none-eabi/9.3.1/../../../../arm-none-eabi/lib/thumb/v7-m/nofp\libc_nano.a(lib_a-nano-msizer.o)
 .debug_frame   0x00000000000044b0       0x5c d:/bk/hk251/vxl_vdk/stm32/stm32cubeide_1.7.0/stm32cubeide/plugins/com.st.stm32cube.ide.mcu.externaltools.gnu-tools-for-stm32.9-2020-q2-update.win32_2.0.0.202105311346/tools/bin/../lib/gcc/arm-none-eabi/9.3.1/../../../../arm-none-eabi/lib/thumb/v7-m/nofp\libc_nano.a(lib_a-reent.o)
 .debug_frame   0x000000000000450c       0xb0 d:/bk/hk251/vxl_vdk/stm32/stm32cubeide_1.7.0/stm32cubeide/plugins/com.st.stm32cube.ide.mcu.externaltools.gnu-tools-for-stm32.9-2020-q2-update.win32_2.0.0.202105311346/tools/bin/../lib/gcc/arm-none-eabi/9.3.1/../../../../arm-none-eabi/lib/thumb/v7-m/nofp\libc_nano.a(lib_a-lock.o)
